Archive member included to satisfy reference by file (symbol)

c:/program files (x86)/atmel/studio/7.0/toolchain/avr8/avr8-gnu-toolchain/bin/../lib/gcc/avr/5.4.0/../../../../avr/lib/avr5\libm.a(addsf3.o)
                              PS3BT.o (__subsf3)
c:/program files (x86)/atmel/studio/7.0/toolchain/avr8/avr8-gnu-toolchain/bin/../lib/gcc/avr/5.4.0/../../../../avr/lib/avr5\libm.a(addsf3x.o)
                              c:/program files (x86)/atmel/studio/7.0/toolchain/avr8/avr8-gnu-toolchain/bin/../lib/gcc/avr/5.4.0/../../../../avr/lib/avr5\libm.a(addsf3.o) (__addsf3x)
c:/program files (x86)/atmel/studio/7.0/toolchain/avr8/avr8-gnu-toolchain/bin/../lib/gcc/avr/5.4.0/../../../../avr/lib/avr5\libm.a(atan2.o)
                              PS3BT.o (atan2)
c:/program files (x86)/atmel/studio/7.0/toolchain/avr8/avr8-gnu-toolchain/bin/../lib/gcc/avr/5.4.0/../../../../avr/lib/avr5\libm.a(atan.o)
                              c:/program files (x86)/atmel/studio/7.0/toolchain/avr8/avr8-gnu-toolchain/bin/../lib/gcc/avr/5.4.0/../../../../avr/lib/avr5\libm.a(atan2.o) (atan)
c:/program files (x86)/atmel/studio/7.0/toolchain/avr8/avr8-gnu-toolchain/bin/../lib/gcc/avr/5.4.0/../../../../avr/lib/avr5\libm.a(divsf3.o)
                              PS3BT.o (__divsf3)
c:/program files (x86)/atmel/studio/7.0/toolchain/avr8/avr8-gnu-toolchain/bin/../lib/gcc/avr/5.4.0/../../../../avr/lib/avr5\libm.a(divsf3x.o)
                              c:/program files (x86)/atmel/studio/7.0/toolchain/avr8/avr8-gnu-toolchain/bin/../lib/gcc/avr/5.4.0/../../../../avr/lib/avr5\libm.a(divsf3.o) (__divsf3x)
c:/program files (x86)/atmel/studio/7.0/toolchain/avr8/avr8-gnu-toolchain/bin/../lib/gcc/avr/5.4.0/../../../../avr/lib/avr5\libm.a(fixunssfsi.o)
                              funct.o (__fixunssfsi)
c:/program files (x86)/atmel/studio/7.0/toolchain/avr8/avr8-gnu-toolchain/bin/../lib/gcc/avr/5.4.0/../../../../avr/lib/avr5\libm.a(floatsisf.o)
                              funct.o (__floatunsisf)
c:/program files (x86)/atmel/studio/7.0/toolchain/avr8/avr8-gnu-toolchain/bin/../lib/gcc/avr/5.4.0/../../../../avr/lib/avr5\libm.a(fp_inf.o)
                              c:/program files (x86)/atmel/studio/7.0/toolchain/avr8/avr8-gnu-toolchain/bin/../lib/gcc/avr/5.4.0/../../../../avr/lib/avr5\libm.a(addsf3x.o) (__fp_inf)
c:/program files (x86)/atmel/studio/7.0/toolchain/avr8/avr8-gnu-toolchain/bin/../lib/gcc/avr/5.4.0/../../../../avr/lib/avr5\libm.a(fp_nan.o)
                              c:/program files (x86)/atmel/studio/7.0/toolchain/avr8/avr8-gnu-toolchain/bin/../lib/gcc/avr/5.4.0/../../../../avr/lib/avr5\libm.a(addsf3x.o) (__fp_nan)
c:/program files (x86)/atmel/studio/7.0/toolchain/avr8/avr8-gnu-toolchain/bin/../lib/gcc/avr/5.4.0/../../../../avr/lib/avr5\libm.a(fp_powser.o)
                              c:/program files (x86)/atmel/studio/7.0/toolchain/avr8/avr8-gnu-toolchain/bin/../lib/gcc/avr/5.4.0/../../../../avr/lib/avr5\libm.a(atan.o) (__fp_powser)
c:/program files (x86)/atmel/studio/7.0/toolchain/avr8/avr8-gnu-toolchain/bin/../lib/gcc/avr/5.4.0/../../../../avr/lib/avr5\libm.a(fp_pscA.o)
                              c:/program files (x86)/atmel/studio/7.0/toolchain/avr8/avr8-gnu-toolchain/bin/../lib/gcc/avr/5.4.0/../../../../avr/lib/avr5\libm.a(addsf3x.o) (__fp_pscA)
c:/program files (x86)/atmel/studio/7.0/toolchain/avr8/avr8-gnu-toolchain/bin/../lib/gcc/avr/5.4.0/../../../../avr/lib/avr5\libm.a(fp_pscB.o)
                              c:/program files (x86)/atmel/studio/7.0/toolchain/avr8/avr8-gnu-toolchain/bin/../lib/gcc/avr/5.4.0/../../../../avr/lib/avr5\libm.a(addsf3x.o) (__fp_pscB)
c:/program files (x86)/atmel/studio/7.0/toolchain/avr8/avr8-gnu-toolchain/bin/../lib/gcc/avr/5.4.0/../../../../avr/lib/avr5\libm.a(fp_round.o)
                              c:/program files (x86)/atmel/studio/7.0/toolchain/avr8/avr8-gnu-toolchain/bin/../lib/gcc/avr/5.4.0/../../../../avr/lib/avr5\libm.a(addsf3.o) (__fp_round)
c:/program files (x86)/atmel/studio/7.0/toolchain/avr8/avr8-gnu-toolchain/bin/../lib/gcc/avr/5.4.0/../../../../avr/lib/avr5\libm.a(fp_split3.o)
                              c:/program files (x86)/atmel/studio/7.0/toolchain/avr8/avr8-gnu-toolchain/bin/../lib/gcc/avr/5.4.0/../../../../avr/lib/avr5\libm.a(addsf3x.o) (__fp_split3)
c:/program files (x86)/atmel/studio/7.0/toolchain/avr8/avr8-gnu-toolchain/bin/../lib/gcc/avr/5.4.0/../../../../avr/lib/avr5\libm.a(fp_zero.o)
                              c:/program files (x86)/atmel/studio/7.0/toolchain/avr8/avr8-gnu-toolchain/bin/../lib/gcc/avr/5.4.0/../../../../avr/lib/avr5\libm.a(addsf3x.o) (__fp_zero)
c:/program files (x86)/atmel/studio/7.0/toolchain/avr8/avr8-gnu-toolchain/bin/../lib/gcc/avr/5.4.0/../../../../avr/lib/avr5\libm.a(inverse.o)
                              c:/program files (x86)/atmel/studio/7.0/toolchain/avr8/avr8-gnu-toolchain/bin/../lib/gcc/avr/5.4.0/../../../../avr/lib/avr5\libm.a(atan.o) (inverse)
c:/program files (x86)/atmel/studio/7.0/toolchain/avr8/avr8-gnu-toolchain/bin/../lib/gcc/avr/5.4.0/../../../../avr/lib/avr5\libm.a(mulsf3.o)
                              funct.o (__mulsf3)
c:/program files (x86)/atmel/studio/7.0/toolchain/avr8/avr8-gnu-toolchain/bin/../lib/gcc/avr/5.4.0/../../../../avr/lib/avr5\libm.a(mulsf3x.o)
                              c:/program files (x86)/atmel/studio/7.0/toolchain/avr8/avr8-gnu-toolchain/bin/../lib/gcc/avr/5.4.0/../../../../avr/lib/avr5\libm.a(atan.o) (__mulsf3x)
c:/program files (x86)/atmel/studio/7.0/toolchain/avr8/avr8-gnu-toolchain/bin/../lib/gcc/avr/5.4.0/../../../../avr/lib/avr5\libm.a(square.o)
                              c:/program files (x86)/atmel/studio/7.0/toolchain/avr8/avr8-gnu-toolchain/bin/../lib/gcc/avr/5.4.0/../../../../avr/lib/avr5\libm.a(atan.o) (square)
c:/program files (x86)/atmel/studio/7.0/toolchain/avr8/avr8-gnu-toolchain/bin/../lib/gcc/avr/5.4.0/avr5\libgcc.a(_exit.o)
                              C:/Program Files (x86)/Atmel/Studio/7.0/Packs/atmel/ATmega_DFP/1.1.130/gcc/dev/atmega328pb/avr5/crtatmega328pb.o (exit)
c:/program files (x86)/atmel/studio/7.0/toolchain/avr8/avr8-gnu-toolchain/bin/../lib/gcc/avr/5.4.0/avr5\libgcc.a(_tablejump2.o)
                              BTD.o (__tablejump2__)
c:/program files (x86)/atmel/studio/7.0/toolchain/avr8/avr8-gnu-toolchain/bin/../lib/gcc/avr/5.4.0/avr5\libgcc.a(_copy_data.o)
                              Battery.o (__do_copy_data)
c:/program files (x86)/atmel/studio/7.0/toolchain/avr8/avr8-gnu-toolchain/bin/../lib/gcc/avr/5.4.0/avr5\libgcc.a(_clear_bss.o)
                              Battery.o (__do_clear_bss)
c:/program files (x86)/atmel/studio/7.0/toolchain/avr8/avr8-gnu-toolchain/bin/../lib/gcc/avr/5.4.0/avr5\libgcc.a(_adddi3.o)
                              funct.o (__adddi3)
c:/program files (x86)/atmel/studio/7.0/toolchain/avr8/avr8-gnu-toolchain/bin/../lib/gcc/avr/5.4.0/avr5\libgcc.a(_adddi3_s8.o)
                              funct.o (__adddi3_s8)
c:/program files (x86)/atmel/studio/7.0/toolchain/avr8/avr8-gnu-toolchain/bin/../lib/gcc/avr/5.4.0/avr5\libgcc.a(_subdi3.o)
                              main.o (__subdi3)
c:/program files (x86)/atmel/studio/7.0/toolchain/avr8/avr8-gnu-toolchain/bin/../lib/gcc/avr/5.4.0/avr5\libgcc.a(_cmpdi2.o)
                              funct.o (__cmpdi2)
c:/program files (x86)/atmel/studio/7.0/toolchain/avr8/avr8-gnu-toolchain/bin/../lib/gcc/avr/5.4.0/../../../../avr/lib/avr5\libc.a(strcat_P.o)
                              PS3BT.o (strcat_P)
c:/program files (x86)/atmel/studio/7.0/toolchain/avr8/avr8-gnu-toolchain/bin/../lib/gcc/avr/5.4.0/../../../../avr/lib/avr5\libc.a(strcpy_P.o)
                              PS3BT.o (strcpy_P)
c:/program files (x86)/atmel/studio/7.0/toolchain/avr8/avr8-gnu-toolchain/bin/../lib/gcc/avr/5.4.0/../../../../avr/lib/avr5\libc.a(strcmp.o)
                              funct.o (strcmp)
c:/program files (x86)/atmel/studio/7.0/toolchain/avr8/avr8-gnu-toolchain/bin/../lib/gcc/avr/5.4.0/../../../../avr/lib/avr5\libc.a(strncmp.o)
                              BTD.o (strncmp)

Discarded input sections

 .data          0x00000000        0x0 C:/Program Files (x86)/Atmel/Studio/7.0/Packs/atmel/ATmega_DFP/1.1.130/gcc/dev/atmega328pb/avr5/crtatmega328pb.o
 .bss           0x00000000        0x0 C:/Program Files (x86)/Atmel/Studio/7.0/Packs/atmel/ATmega_DFP/1.1.130/gcc/dev/atmega328pb/avr5/crtatmega328pb.o
 .text          0x00000000        0x0 Battery.o
 .data          0x00000000        0x0 Battery.o
 .bss           0x00000000        0x0 Battery.o
 .text._Z9Init_Battv
                0x00000000        0xe Battery.o
 .text._Z15indicateBattLowv
                0x00000000        0xa Battery.o
 .text._Z13stopIndicatorv
                0x00000000        0xa Battery.o
 .text._Z8ADC_Inithh
                0x00000000        0xa Battery.o
 .text._Z19ADC_ChangeChannelToh
                0x00000000       0x14 Battery.o
 .text._Z8ADC_Readh
                0x00000000       0x22 Battery.o
 .text._Z9ADC_Startv
                0x00000000        0x8 Battery.o
 .text._Z10ADC_Finishv
                0x00000000        0xc Battery.o
 .text._Z7WDT_offv
                0x00000000       0x16 Battery.o
 .text._Z8WDT_Initv
                0x00000000       0x20 Battery.o
 .text._Z20WDT_Prescaler_Changev
                0x00000000       0x1c Battery.o
 .text._Z12powerDownForh
                0x00000000       0x4e Battery.o
 .text._Z12criticalBattv
                0x00000000       0x3c Battery.o
 .text._Z9checkBattv
                0x00000000      0x1a2 Battery.o
 .data._ZZ9checkBattvE12battCritical
                0x00000000        0x2 Battery.o
 .bss._ZZ9checkBattvE5battC
                0x00000000        0x1 Battery.o
 .bss._ZZ9checkBattvE5battL
                0x00000000        0x1 Battery.o
 .data._ZZ9checkBattvE7battLow
                0x00000000        0x2 Battery.o
 .bss._ZZ9checkBattvE3avg
                0x00000000        0x2 Battery.o
 .bss.BattOK    0x00000000        0x1 Battery.o
 .text          0x00000000        0x0 BTD.o
 .data          0x00000000        0x0 BTD.o
 .bss           0x00000000        0x0 BTD.o
 .text._ZN3BTD3minEhh
                0x00000000        0xa BTD.o
 .text._ZN3BTD22hci_write_scan_disableEv
                0x00000000       0x1e BTD.o
 .text._ZN3BTD23hci_read_remote_versionEv
                0x00000000       0x22 BTD.o
 .text._ZN3BTD21hci_write_link_policyEv
                0x00000000       0x28 BTD.o
 .text._ZN3BTD22hci_write_link_timeoutEv
                0x00000000       0x28 BTD.o
 .text._ZN3BTD11hci_set_AFHEv
                0x00000000       0x42 BTD.o
 .text._ZN3BTD24l2cap_connection_requestEjhPhj
                0x00000000       0x58 BTD.o
 .text._ZN3BTD26l2cap_information_responseEjhhh
                0x00000000       0x52 BTD.o
 .text._ZN3BTD9setBdaddrEPh
                0x00000000        0x2 BTD.o
 .text._ZN3BTD13setMoveBdaddrEPh
                0x00000000        0x2 BTD.o
 .text          0x00000000        0x0 funct.o
 .data          0x00000000        0x0 funct.o
 .bss           0x00000000        0x0 funct.o
 .text._Z11Init_PWM_T2h
                0x00000000       0x12 funct.o
 .text._Z11Init_CTC_T2h
                0x00000000       0x18 funct.o
 .text._Z8fanSpeedhhhh
                0x00000000       0x1a funct.o
 .text._Z9charToHexPc
                0x00000000       0x2a funct.o
 .text._Z9setTimer1jh
                0x00000000       0x44 funct.o
 .text._Z17receiveStringCRNLv
                0x00000000       0x80 funct.o
 .text._Z18printStringNewlinePc
                0x00000000       0x24 funct.o
 .text._Z16printStringCRNL0PKc
                0x00000000       0x2a funct.o
 .text._Z7BT_Initv
                0x00000000       0x12 funct.o
 .text._Z14USART0_Receivev
                0x00000000       0x1a funct.o
 .text._Z10relayUSARTv
                0x00000000       0x2e funct.o
 .text._Z9printCharh
                0x00000000        0x6 funct.o
 .text._Z14USART1_Receivev
                0x00000000       0x10 funct.o
 .text._Z8I2C_Inithh
                0x00000000       0x12 funct.o
 .text._Z9I2C_Writehhh
                0x00000000       0xc2 funct.o
 .text._Z5ERRORh
                0x00000000       0x18 funct.o
 .text._Z8I2C_Readhh
                0x00000000      0x23e funct.o
 .text._Z12holdPositionjj
                0x00000000       0x82 funct.o
 .text._Z18transmitSensorDatav
                0x00000000       0x60 funct.o
 .text._Z11clearhcibufv
                0x00000000       0x16 funct.o
 .text._Z11clearaclbufv
                0x00000000        0x2 funct.o
 .text._Z10updateFadev
                0x00000000        0x2 funct.o
 .text._Z16setIndicatorModeh
                0x00000000        0x2 funct.o
 .bss._ZZ17receiveStringCRNLvE3str
                0x00000000       0x32 funct.o
 .data._ZZ12holdPositionjjE3max
                0x00000000        0x1 funct.o
 .bss.HCI_AWAKE_RECEIVED
                0x00000000        0x1 funct.o
 .text          0x00000000        0x0 main.o
 .data          0x00000000        0x0 main.o
 .bss           0x00000000        0x0 main.o
 .bss.RESPONSE_AWAITING
                0x00000000        0x1 main.o
 .bss.EVENT_SERVICED
                0x00000000        0x1 main.o
 .text          0x00000000        0x0 Motor.o
 .data          0x00000000        0x0 Motor.o
 .bss           0x00000000        0x0 Motor.o
 .text._Z17computeRelayStatejhh
                0x00000000       0x22 Motor.o
 .group         0x00000000        0x8 PS3BT.o
 .text          0x00000000        0x0 PS3BT.o
 .data          0x00000000        0x0 PS3BT.o
 .bss           0x00000000        0x0 PS3BT.o
 .text._ZN5PS3BT14getButtonPressE10ButtonEnum
                0x00000000       0x38 PS3BT.o
 .text._ZN5PS3BT15getAnalogButtonE10ButtonEnum
                0x00000000       0x16 PS3BT.o
 .text._ZN5PS3BT9getSensorE10SensorEnum
                0x00000000       0x9c PS3BT.o
 .text._ZN5PS3BT8getAngleE9AngleEnum
                0x00000000      0x166 PS3BT.o
 .text._ZN5PS3BT13get9DOFValuesE10SensorEnum
                0x00000000       0xe0 PS3BT.o
 .text._ZN5PS3BT14getTemperatureEv
                0x00000000       0x16 PS3BT.o
 .text._ZN5PS3BT9getStatusE10StatusEnum
                0x00000000       0x1c PS3BT.o
 .text._ZN5PS3BT17printStatusStringEv
                0x00000000      0x24e PS3BT.o
 .text._ZN5PS3BT9setAllOffEv
                0x00000000       0x26 PS3BT.o
 .text._ZN5PS3BT12setRumbleOffEv
                0x00000000       0x4e PS3BT.o
 .text._ZN5PS3BT11setRumbleOnEhhhh
                0x00000000       0x52 PS3BT.o
 .text._ZN5PS3BT11setRumbleOnE10RumbleEnum
                0x00000000       0x1c PS3BT.o
 .text._ZN5PS3BT9setLedOffE7LEDEnum
                0x00000000       0x2a PS3BT.o
 .text._ZN5PS3BT12setLedToggleE7LEDEnum
                0x00000000       0x28 PS3BT.o
 .text._ZN5PS3BT13moveSetRumbleEh
                0x00000000       0x16 PS3BT.o
 .progmem.data._ZZN5PS3BT17printStatusStringEvE3__c_27
                0x00000000        0x8 PS3BT.o
 .progmem.data._ZZN5PS3BT17printStatusStringEvE3__c_26
                0x00000000        0x6 PS3BT.o
 .progmem.data._ZZN5PS3BT17printStatusStringEvE3__c_25
                0x00000000        0x5 PS3BT.o
 .progmem.data._ZZN5PS3BT17printStatusStringEvE3__c_24
                0x00000000        0x5 PS3BT.o
 .progmem.data._ZZN5PS3BT17printStatusStringEvE3__c_23
                0x00000000        0x4 PS3BT.o
 .progmem.data._ZZN5PS3BT17printStatusStringEvE3__c_22
                0x00000000        0x6 PS3BT.o
 .progmem.data._ZZN5PS3BT17printStatusStringEvE3__c_21
                0x00000000        0x9 PS3BT.o
 .progmem.data._ZZN5PS3BT17printStatusStringEvE3__c_20
                0x00000000        0xd PS3BT.o
 .progmem.data._ZZN5PS3BT17printStatusStringEvE3__c_19
                0x00000000        0x9 PS3BT.o
 .progmem.data._ZZN5PS3BT17printStatusStringEvE3__c_18
                0x00000000       0x10 PS3BT.o
 .progmem.data._ZZN5PS3BT17printStatusStringEvE3__c_17
                0x00000000        0x6 PS3BT.o
 .progmem.data._ZZN5PS3BT17printStatusStringEvE3__c_16
                0x00000000       0x1a PS3BT.o
 .progmem.data._ZZN5PS3BT17printStatusStringEvE3__c_15
                0x00000000       0x19 PS3BT.o
 .progmem.data._ZZN5PS3BT17printStatusStringEvE3__c_14
                0x00000000       0x16 PS3BT.o
 .progmem.data._ZZN5PS3BT17printStatusStringEvE3__c_13
                0x00000000       0x15 PS3BT.o
 .progmem.data._ZZN5PS3BT17printStatusStringEvE3__c_12
                0x00000000       0x14 PS3BT.o
 .progmem.data._ZZN5PS3BT17printStatusStringEvE3__c_11
                0x00000000        0x6 PS3BT.o
 .progmem.data._ZZN5PS3BT17printStatusStringEvE3__c_10
                0x00000000        0x5 PS3BT.o
 .progmem.data._ZZN5PS3BT17printStatusStringEvE3__c_9
                0x00000000        0x5 PS3BT.o
 .progmem.data._ZZN5PS3BT17printStatusStringEvE3__c_8
                0x00000000        0x4 PS3BT.o
 .progmem.data._ZZN5PS3BT17printStatusStringEvE3__c_7
                0x00000000        0x6 PS3BT.o
 .progmem.data._ZZN5PS3BT17printStatusStringEvE3__c_6
                0x00000000        0x9 PS3BT.o
 .progmem.data._ZZN5PS3BT17printStatusStringEvE3__c_5
                0x00000000        0xd PS3BT.o
 .progmem.data._ZZN5PS3BT17printStatusStringEvE3__c_4
                0x00000000        0x9 PS3BT.o
 .progmem.data._ZZN5PS3BT17printStatusStringEvE3__c_3
                0x00000000       0x11 PS3BT.o
 .progmem.data._ZZN5PS3BT17printStatusStringEvE3__c_2
                0x00000000        0x6 PS3BT.o
 .progmem.data._ZZN5PS3BT17printStatusStringEvE3__c_1
                0x00000000        0xa PS3BT.o
 .progmem.data._ZZN5PS3BT17printStatusStringEvE3__c_0
                0x00000000        0x8 PS3BT.o
 .progmem.data._ZZN5PS3BT17printStatusStringEvE3__c
                0x00000000       0x15 PS3BT.o
 .progmem.data._ZL18PS3_ANALOG_BUTTONS
                0x00000000       0x13 PS3BT.o
 .text          0x00000000        0x0 c:/program files (x86)/atmel/studio/7.0/toolchain/avr8/avr8-gnu-toolchain/bin/../lib/gcc/avr/5.4.0/../../../../avr/lib/avr5\libm.a(addsf3.o)
 .data          0x00000000        0x0 c:/program files (x86)/atmel/studio/7.0/toolchain/avr8/avr8-gnu-toolchain/bin/../lib/gcc/avr/5.4.0/../../../../avr/lib/avr5\libm.a(addsf3.o)
 .bss           0x00000000        0x0 c:/program files (x86)/atmel/studio/7.0/toolchain/avr8/avr8-gnu-toolchain/bin/../lib/gcc/avr/5.4.0/../../../../avr/lib/avr5\libm.a(addsf3.o)
 .text.avr-libc.fplib
                0x00000000        0xe c:/program files (x86)/atmel/studio/7.0/toolchain/avr8/avr8-gnu-toolchain/bin/../lib/gcc/avr/5.4.0/../../../../avr/lib/avr5\libm.a(addsf3.o)
 .text          0x00000000        0x0 c:/program files (x86)/atmel/studio/7.0/toolchain/avr8/avr8-gnu-toolchain/bin/../lib/gcc/avr/5.4.0/../../../../avr/lib/avr5\libm.a(addsf3x.o)
 .data          0x00000000        0x0 c:/program files (x86)/atmel/studio/7.0/toolchain/avr8/avr8-gnu-toolchain/bin/../lib/gcc/avr/5.4.0/../../../../avr/lib/avr5\libm.a(addsf3x.o)
 .bss           0x00000000        0x0 c:/program files (x86)/atmel/studio/7.0/toolchain/avr8/avr8-gnu-toolchain/bin/../lib/gcc/avr/5.4.0/../../../../avr/lib/avr5\libm.a(addsf3x.o)
 .text.avr-libc.fplib
                0x00000000       0xcc c:/program files (x86)/atmel/studio/7.0/toolchain/avr8/avr8-gnu-toolchain/bin/../lib/gcc/avr/5.4.0/../../../../avr/lib/avr5\libm.a(addsf3x.o)
 .text          0x00000000        0x0 c:/program files (x86)/atmel/studio/7.0/toolchain/avr8/avr8-gnu-toolchain/bin/../lib/gcc/avr/5.4.0/../../../../avr/lib/avr5\libm.a(atan2.o)
 .data          0x00000000        0x0 c:/program files (x86)/atmel/studio/7.0/toolchain/avr8/avr8-gnu-toolchain/bin/../lib/gcc/avr/5.4.0/../../../../avr/lib/avr5\libm.a(atan2.o)
 .bss           0x00000000        0x0 c:/program files (x86)/atmel/studio/7.0/toolchain/avr8/avr8-gnu-toolchain/bin/../lib/gcc/avr/5.4.0/../../../../avr/lib/avr5\libm.a(atan2.o)
 .text.avr-libc.fplib
                0x00000000       0x86 c:/program files (x86)/atmel/studio/7.0/toolchain/avr8/avr8-gnu-toolchain/bin/../lib/gcc/avr/5.4.0/../../../../avr/lib/avr5\libm.a(atan2.o)
 .text          0x00000000        0x0 c:/program files (x86)/atmel/studio/7.0/toolchain/avr8/avr8-gnu-toolchain/bin/../lib/gcc/avr/5.4.0/../../../../avr/lib/avr5\libm.a(atan.o)
 .data          0x00000000        0x0 c:/program files (x86)/atmel/studio/7.0/toolchain/avr8/avr8-gnu-toolchain/bin/../lib/gcc/avr/5.4.0/../../../../avr/lib/avr5\libm.a(atan.o)
 .bss           0x00000000        0x0 c:/program files (x86)/atmel/studio/7.0/toolchain/avr8/avr8-gnu-toolchain/bin/../lib/gcc/avr/5.4.0/../../../../avr/lib/avr5\libm.a(atan.o)
 .text.avr-libc.fplib
                0x00000000       0x5e c:/program files (x86)/atmel/studio/7.0/toolchain/avr8/avr8-gnu-toolchain/bin/../lib/gcc/avr/5.4.0/../../../../avr/lib/avr5\libm.a(atan.o)
 .progmem.gcc_fplib
                0x00000000       0x2d c:/program files (x86)/atmel/studio/7.0/toolchain/avr8/avr8-gnu-toolchain/bin/../lib/gcc/avr/5.4.0/../../../../avr/lib/avr5\libm.a(atan.o)
 .text          0x00000000        0x0 c:/program files (x86)/atmel/studio/7.0/toolchain/avr8/avr8-gnu-toolchain/bin/../lib/gcc/avr/5.4.0/../../../../avr/lib/avr5\libm.a(divsf3.o)
 .data          0x00000000        0x0 c:/program files (x86)/atmel/studio/7.0/toolchain/avr8/avr8-gnu-toolchain/bin/../lib/gcc/avr/5.4.0/../../../../avr/lib/avr5\libm.a(divsf3.o)
 .bss           0x00000000        0x0 c:/program files (x86)/atmel/studio/7.0/toolchain/avr8/avr8-gnu-toolchain/bin/../lib/gcc/avr/5.4.0/../../../../avr/lib/avr5\libm.a(divsf3.o)
 .text.avr-libc.fplib
                0x00000000        0x8 c:/program files (x86)/atmel/studio/7.0/toolchain/avr8/avr8-gnu-toolchain/bin/../lib/gcc/avr/5.4.0/../../../../avr/lib/avr5\libm.a(divsf3.o)
 .text          0x00000000        0x0 c:/program files (x86)/atmel/studio/7.0/toolchain/avr8/avr8-gnu-toolchain/bin/../lib/gcc/avr/5.4.0/../../../../avr/lib/avr5\libm.a(divsf3x.o)
 .data          0x00000000        0x0 c:/program files (x86)/atmel/studio/7.0/toolchain/avr8/avr8-gnu-toolchain/bin/../lib/gcc/avr/5.4.0/../../../../avr/lib/avr5\libm.a(divsf3x.o)
 .bss           0x00000000        0x0 c:/program files (x86)/atmel/studio/7.0/toolchain/avr8/avr8-gnu-toolchain/bin/../lib/gcc/avr/5.4.0/../../../../avr/lib/avr5\libm.a(divsf3x.o)
 .text.avr-libc.fplib
                0x00000000       0xdc c:/program files (x86)/atmel/studio/7.0/toolchain/avr8/avr8-gnu-toolchain/bin/../lib/gcc/avr/5.4.0/../../../../avr/lib/avr5\libm.a(divsf3x.o)
 .text          0x00000000        0x0 c:/program files (x86)/atmel/studio/7.0/toolchain/avr8/avr8-gnu-toolchain/bin/../lib/gcc/avr/5.4.0/../../../../avr/lib/avr5\libm.a(fixunssfsi.o)
 .data          0x00000000        0x0 c:/program files (x86)/atmel/studio/7.0/toolchain/avr8/avr8-gnu-toolchain/bin/../lib/gcc/avr/5.4.0/../../../../avr/lib/avr5\libm.a(fixunssfsi.o)
 .bss           0x00000000        0x0 c:/program files (x86)/atmel/studio/7.0/toolchain/avr8/avr8-gnu-toolchain/bin/../lib/gcc/avr/5.4.0/../../../../avr/lib/avr5\libm.a(fixunssfsi.o)
 .text.avr-libc.fplib
                0x00000000       0x5e c:/program files (x86)/atmel/studio/7.0/toolchain/avr8/avr8-gnu-toolchain/bin/../lib/gcc/avr/5.4.0/../../../../avr/lib/avr5\libm.a(fixunssfsi.o)
 .text          0x00000000        0x0 c:/program files (x86)/atmel/studio/7.0/toolchain/avr8/avr8-gnu-toolchain/bin/../lib/gcc/avr/5.4.0/../../../../avr/lib/avr5\libm.a(floatsisf.o)
 .data          0x00000000        0x0 c:/program files (x86)/atmel/studio/7.0/toolchain/avr8/avr8-gnu-toolchain/bin/../lib/gcc/avr/5.4.0/../../../../avr/lib/avr5\libm.a(floatsisf.o)
 .bss           0x00000000        0x0 c:/program files (x86)/atmel/studio/7.0/toolchain/avr8/avr8-gnu-toolchain/bin/../lib/gcc/avr/5.4.0/../../../../avr/lib/avr5\libm.a(floatsisf.o)
 .text.avr-libc.fplib
                0x00000000       0x7a c:/program files (x86)/atmel/studio/7.0/toolchain/avr8/avr8-gnu-toolchain/bin/../lib/gcc/avr/5.4.0/../../../../avr/lib/avr5\libm.a(floatsisf.o)
 .text          0x00000000        0x0 c:/program files (x86)/atmel/studio/7.0/toolchain/avr8/avr8-gnu-toolchain/bin/../lib/gcc/avr/5.4.0/../../../../avr/lib/avr5\libm.a(fp_inf.o)
 .data          0x00000000        0x0 c:/program files (x86)/atmel/studio/7.0/toolchain/avr8/avr8-gnu-toolchain/bin/../lib/gcc/avr/5.4.0/../../../../avr/lib/avr5\libm.a(fp_inf.o)
 .bss           0x00000000        0x0 c:/program files (x86)/atmel/studio/7.0/toolchain/avr8/avr8-gnu-toolchain/bin/../lib/gcc/avr/5.4.0/../../../../avr/lib/avr5\libm.a(fp_inf.o)
 .text.avr-libc.fplib
                0x00000000        0xc c:/program files (x86)/atmel/studio/7.0/toolchain/avr8/avr8-gnu-toolchain/bin/../lib/gcc/avr/5.4.0/../../../../avr/lib/avr5\libm.a(fp_inf.o)
 .text          0x00000000        0x0 c:/program files (x86)/atmel/studio/7.0/toolchain/avr8/avr8-gnu-toolchain/bin/../lib/gcc/avr/5.4.0/../../../../avr/lib/avr5\libm.a(fp_nan.o)
 .data          0x00000000        0x0 c:/program files (x86)/atmel/studio/7.0/toolchain/avr8/avr8-gnu-toolchain/bin/../lib/gcc/avr/5.4.0/../../../../avr/lib/avr5\libm.a(fp_nan.o)
 .bss           0x00000000        0x0 c:/program files (x86)/atmel/studio/7.0/toolchain/avr8/avr8-gnu-toolchain/bin/../lib/gcc/avr/5.4.0/../../../../avr/lib/avr5\libm.a(fp_nan.o)
 .text.avr-libc.fplib
                0x00000000        0x6 c:/program files (x86)/atmel/studio/7.0/toolchain/avr8/avr8-gnu-toolchain/bin/../lib/gcc/avr/5.4.0/../../../../avr/lib/avr5\libm.a(fp_nan.o)
 .text          0x00000000        0x0 c:/program files (x86)/atmel/studio/7.0/toolchain/avr8/avr8-gnu-toolchain/bin/../lib/gcc/avr/5.4.0/../../../../avr/lib/avr5\libm.a(fp_powser.o)
 .data          0x00000000        0x0 c:/program files (x86)/atmel/studio/7.0/toolchain/avr8/avr8-gnu-toolchain/bin/../lib/gcc/avr/5.4.0/../../../../avr/lib/avr5\libm.a(fp_powser.o)
 .bss           0x00000000        0x0 c:/program files (x86)/atmel/studio/7.0/toolchain/avr8/avr8-gnu-toolchain/bin/../lib/gcc/avr/5.4.0/../../../../avr/lib/avr5\libm.a(fp_powser.o)
 .text.avr-libc.fplib
                0x00000000       0x4e c:/program files (x86)/atmel/studio/7.0/toolchain/avr8/avr8-gnu-toolchain/bin/../lib/gcc/avr/5.4.0/../../../../avr/lib/avr5\libm.a(fp_powser.o)
 .text          0x00000000        0x0 c:/program files (x86)/atmel/studio/7.0/toolchain/avr8/avr8-gnu-toolchain/bin/../lib/gcc/avr/5.4.0/../../../../avr/lib/avr5\libm.a(fp_pscA.o)
 .data          0x00000000        0x0 c:/program files (x86)/atmel/studio/7.0/toolchain/avr8/avr8-gnu-toolchain/bin/../lib/gcc/avr/5.4.0/../../../../avr/lib/avr5\libm.a(fp_pscA.o)
 .bss           0x00000000        0x0 c:/program files (x86)/atmel/studio/7.0/toolchain/avr8/avr8-gnu-toolchain/bin/../lib/gcc/avr/5.4.0/../../../../avr/lib/avr5\libm.a(fp_pscA.o)
 .text.avr-libc.fplib
                0x00000000        0xe c:/program files (x86)/atmel/studio/7.0/toolchain/avr8/avr8-gnu-toolchain/bin/../lib/gcc/avr/5.4.0/../../../../avr/lib/avr5\libm.a(fp_pscA.o)
 .text          0x00000000        0x0 c:/program files (x86)/atmel/studio/7.0/toolchain/avr8/avr8-gnu-toolchain/bin/../lib/gcc/avr/5.4.0/../../../../avr/lib/avr5\libm.a(fp_pscB.o)
 .data          0x00000000        0x0 c:/program files (x86)/atmel/studio/7.0/toolchain/avr8/avr8-gnu-toolchain/bin/../lib/gcc/avr/5.4.0/../../../../avr/lib/avr5\libm.a(fp_pscB.o)
 .bss           0x00000000        0x0 c:/program files (x86)/atmel/studio/7.0/toolchain/avr8/avr8-gnu-toolchain/bin/../lib/gcc/avr/5.4.0/../../../../avr/lib/avr5\libm.a(fp_pscB.o)
 .text.avr-libc.fplib
                0x00000000        0xe c:/program files (x86)/atmel/studio/7.0/toolchain/avr8/avr8-gnu-toolchain/bin/../lib/gcc/avr/5.4.0/../../../../avr/lib/avr5\libm.a(fp_pscB.o)
 .text          0x00000000        0x0 c:/program files (x86)/atmel/studio/7.0/toolchain/avr8/avr8-gnu-toolchain/bin/../lib/gcc/avr/5.4.0/../../../../avr/lib/avr5\libm.a(fp_round.o)
 .data          0x00000000        0x0 c:/program files (x86)/atmel/studio/7.0/toolchain/avr8/avr8-gnu-toolchain/bin/../lib/gcc/avr/5.4.0/../../../../avr/lib/avr5\libm.a(fp_round.o)
 .bss           0x00000000        0x0 c:/program files (x86)/atmel/studio/7.0/toolchain/avr8/avr8-gnu-toolchain/bin/../lib/gcc/avr/5.4.0/../../../../avr/lib/avr5\libm.a(fp_round.o)
 .text.avr-libc.fplib
                0x00000000       0x22 c:/program files (x86)/atmel/studio/7.0/toolchain/avr8/avr8-gnu-toolchain/bin/../lib/gcc/avr/5.4.0/../../../../avr/lib/avr5\libm.a(fp_round.o)
 .text          0x00000000        0x0 c:/program files (x86)/atmel/studio/7.0/toolchain/avr8/avr8-gnu-toolchain/bin/../lib/gcc/avr/5.4.0/../../../../avr/lib/avr5\libm.a(fp_split3.o)
 .data          0x00000000        0x0 c:/program files (x86)/atmel/studio/7.0/toolchain/avr8/avr8-gnu-toolchain/bin/../lib/gcc/avr/5.4.0/../../../../avr/lib/avr5\libm.a(fp_split3.o)
 .bss           0x00000000        0x0 c:/program files (x86)/atmel/studio/7.0/toolchain/avr8/avr8-gnu-toolchain/bin/../lib/gcc/avr/5.4.0/../../../../avr/lib/avr5\libm.a(fp_split3.o)
 .text.avr-libc.fplib
                0x00000000       0x44 c:/program files (x86)/atmel/studio/7.0/toolchain/avr8/avr8-gnu-toolchain/bin/../lib/gcc/avr/5.4.0/../../../../avr/lib/avr5\libm.a(fp_split3.o)
 .text          0x00000000        0x0 c:/program files (x86)/atmel/studio/7.0/toolchain/avr8/avr8-gnu-toolchain/bin/../lib/gcc/avr/5.4.0/../../../../avr/lib/avr5\libm.a(fp_zero.o)
 .data          0x00000000        0x0 c:/program files (x86)/atmel/studio/7.0/toolchain/avr8/avr8-gnu-toolchain/bin/../lib/gcc/avr/5.4.0/../../../../avr/lib/avr5\libm.a(fp_zero.o)
 .bss           0x00000000        0x0 c:/program files (x86)/atmel/studio/7.0/toolchain/avr8/avr8-gnu-toolchain/bin/../lib/gcc/avr/5.4.0/../../../../avr/lib/avr5\libm.a(fp_zero.o)
 .text.avr-libc.fplib
                0x00000000        0xe c:/program files (x86)/atmel/studio/7.0/toolchain/avr8/avr8-gnu-toolchain/bin/../lib/gcc/avr/5.4.0/../../../../avr/lib/avr5\libm.a(fp_zero.o)
 .text          0x00000000        0x0 c:/program files (x86)/atmel/studio/7.0/toolchain/avr8/avr8-gnu-toolchain/bin/../lib/gcc/avr/5.4.0/../../../../avr/lib/avr5\libm.a(inverse.o)
 .data          0x00000000        0x0 c:/program files (x86)/atmel/studio/7.0/toolchain/avr8/avr8-gnu-toolchain/bin/../lib/gcc/avr/5.4.0/../../../../avr/lib/avr5\libm.a(inverse.o)
 .bss           0x00000000        0x0 c:/program files (x86)/atmel/studio/7.0/toolchain/avr8/avr8-gnu-toolchain/bin/../lib/gcc/avr/5.4.0/../../../../avr/lib/avr5\libm.a(inverse.o)
 .text.avr-libc.fplib
                0x00000000       0x10 c:/program files (x86)/atmel/studio/7.0/toolchain/avr8/avr8-gnu-toolchain/bin/../lib/gcc/avr/5.4.0/../../../../avr/lib/avr5\libm.a(inverse.o)
 .text          0x00000000        0x0 c:/program files (x86)/atmel/studio/7.0/toolchain/avr8/avr8-gnu-toolchain/bin/../lib/gcc/avr/5.4.0/../../../../avr/lib/avr5\libm.a(mulsf3.o)
 .data          0x00000000        0x0 c:/program files (x86)/atmel/studio/7.0/toolchain/avr8/avr8-gnu-toolchain/bin/../lib/gcc/avr/5.4.0/../../../../avr/lib/avr5\libm.a(mulsf3.o)
 .bss           0x00000000        0x0 c:/program files (x86)/atmel/studio/7.0/toolchain/avr8/avr8-gnu-toolchain/bin/../lib/gcc/avr/5.4.0/../../../../avr/lib/avr5\libm.a(mulsf3.o)
 .text.avr-libc.fplib
                0x00000000        0x8 c:/program files (x86)/atmel/studio/7.0/toolchain/avr8/avr8-gnu-toolchain/bin/../lib/gcc/avr/5.4.0/../../../../avr/lib/avr5\libm.a(mulsf3.o)
 .text          0x00000000        0x0 c:/program files (x86)/atmel/studio/7.0/toolchain/avr8/avr8-gnu-toolchain/bin/../lib/gcc/avr/5.4.0/../../../../avr/lib/avr5\libm.a(mulsf3x.o)
 .data          0x00000000        0x0 c:/program files (x86)/atmel/studio/7.0/toolchain/avr8/avr8-gnu-toolchain/bin/../lib/gcc/avr/5.4.0/../../../../avr/lib/avr5\libm.a(mulsf3x.o)
 .bss           0x00000000        0x0 c:/program files (x86)/atmel/studio/7.0/toolchain/avr8/avr8-gnu-toolchain/bin/../lib/gcc/avr/5.4.0/../../../../avr/lib/avr5\libm.a(mulsf3x.o)
 .text.avr-libc.fplib
                0x00000000       0xd2 c:/program files (x86)/atmel/studio/7.0/toolchain/avr8/avr8-gnu-toolchain/bin/../lib/gcc/avr/5.4.0/../../../../avr/lib/avr5\libm.a(mulsf3x.o)
 .text          0x00000000        0x0 c:/program files (x86)/atmel/studio/7.0/toolchain/avr8/avr8-gnu-toolchain/bin/../lib/gcc/avr/5.4.0/../../../../avr/lib/avr5\libm.a(square.o)
 .data          0x00000000        0x0 c:/program files (x86)/atmel/studio/7.0/toolchain/avr8/avr8-gnu-toolchain/bin/../lib/gcc/avr/5.4.0/../../../../avr/lib/avr5\libm.a(square.o)
 .bss           0x00000000        0x0 c:/program files (x86)/atmel/studio/7.0/toolchain/avr8/avr8-gnu-toolchain/bin/../lib/gcc/avr/5.4.0/../../../../avr/lib/avr5\libm.a(square.o)
 .text.avr-libc.fplib
                0x00000000        0x8 c:/program files (x86)/atmel/studio/7.0/toolchain/avr8/avr8-gnu-toolchain/bin/../lib/gcc/avr/5.4.0/../../../../avr/lib/avr5\libm.a(square.o)
 .text          0x00000000        0x0 c:/program files (x86)/atmel/studio/7.0/toolchain/avr8/avr8-gnu-toolchain/bin/../lib/gcc/avr/5.4.0/avr5\libgcc.a(_exit.o)
 .data          0x00000000        0x0 c:/program files (x86)/atmel/studio/7.0/toolchain/avr8/avr8-gnu-toolchain/bin/../lib/gcc/avr/5.4.0/avr5\libgcc.a(_exit.o)
 .bss           0x00000000        0x0 c:/program files (x86)/atmel/studio/7.0/toolchain/avr8/avr8-gnu-toolchain/bin/../lib/gcc/avr/5.4.0/avr5\libgcc.a(_exit.o)
 .text.libgcc.mul
                0x00000000        0x0 c:/program files (x86)/atmel/studio/7.0/toolchain/avr8/avr8-gnu-toolchain/bin/../lib/gcc/avr/5.4.0/avr5\libgcc.a(_exit.o)
 .text.libgcc.div
                0x00000000        0x0 c:/program files (x86)/atmel/studio/7.0/toolchain/avr8/avr8-gnu-toolchain/bin/../lib/gcc/avr/5.4.0/avr5\libgcc.a(_exit.o)
 .text.libgcc   0x00000000        0x0 c:/program files (x86)/atmel/studio/7.0/toolchain/avr8/avr8-gnu-toolchain/bin/../lib/gcc/avr/5.4.0/avr5\libgcc.a(_exit.o)
 .text.libgcc.prologue
                0x00000000        0x0 c:/program files (x86)/atmel/studio/7.0/toolchain/avr8/avr8-gnu-toolchain/bin/../lib/gcc/avr/5.4.0/avr5\libgcc.a(_exit.o)
 .text.libgcc.builtins
                0x00000000        0x0 c:/program files (x86)/atmel/studio/7.0/toolchain/avr8/avr8-gnu-toolchain/bin/../lib/gcc/avr/5.4.0/avr5\libgcc.a(_exit.o)
 .text.libgcc.fmul
                0x00000000        0x0 c:/program files (x86)/atmel/studio/7.0/toolchain/avr8/avr8-gnu-toolchain/bin/../lib/gcc/avr/5.4.0/avr5\libgcc.a(_exit.o)
 .text.libgcc.fixed
                0x00000000        0x0 c:/program files (x86)/atmel/studio/7.0/toolchain/avr8/avr8-gnu-toolchain/bin/../lib/gcc/avr/5.4.0/avr5\libgcc.a(_exit.o)
 .text          0x00000000        0x0 c:/program files (x86)/atmel/studio/7.0/toolchain/avr8/avr8-gnu-toolchain/bin/../lib/gcc/avr/5.4.0/avr5\libgcc.a(_tablejump2.o)
 .data          0x00000000        0x0 c:/program files (x86)/atmel/studio/7.0/toolchain/avr8/avr8-gnu-toolchain/bin/../lib/gcc/avr/5.4.0/avr5\libgcc.a(_tablejump2.o)
 .bss           0x00000000        0x0 c:/program files (x86)/atmel/studio/7.0/toolchain/avr8/avr8-gnu-toolchain/bin/../lib/gcc/avr/5.4.0/avr5\libgcc.a(_tablejump2.o)
 .text.libgcc.mul
                0x00000000        0x0 c:/program files (x86)/atmel/studio/7.0/toolchain/avr8/avr8-gnu-toolchain/bin/../lib/gcc/avr/5.4.0/avr5\libgcc.a(_tablejump2.o)
 .text.libgcc.div
                0x00000000        0x0 c:/program files (x86)/atmel/studio/7.0/toolchain/avr8/avr8-gnu-toolchain/bin/../lib/gcc/avr/5.4.0/avr5\libgcc.a(_tablejump2.o)
 .text.libgcc.prologue
                0x00000000        0x0 c:/program files (x86)/atmel/studio/7.0/toolchain/avr8/avr8-gnu-toolchain/bin/../lib/gcc/avr/5.4.0/avr5\libgcc.a(_tablejump2.o)
 .text.libgcc.builtins
                0x00000000        0x0 c:/program files (x86)/atmel/studio/7.0/toolchain/avr8/avr8-gnu-toolchain/bin/../lib/gcc/avr/5.4.0/avr5\libgcc.a(_tablejump2.o)
 .text.libgcc.fmul
                0x00000000        0x0 c:/program files (x86)/atmel/studio/7.0/toolchain/avr8/avr8-gnu-toolchain/bin/../lib/gcc/avr/5.4.0/avr5\libgcc.a(_tablejump2.o)
 .text.libgcc.fixed
                0x00000000        0x0 c:/program files (x86)/atmel/studio/7.0/toolchain/avr8/avr8-gnu-toolchain/bin/../lib/gcc/avr/5.4.0/avr5\libgcc.a(_tablejump2.o)
 .text          0x00000000        0x0 c:/program files (x86)/atmel/studio/7.0/toolchain/avr8/avr8-gnu-toolchain/bin/../lib/gcc/avr/5.4.0/avr5\libgcc.a(_copy_data.o)
 .data          0x00000000        0x0 c:/program files (x86)/atmel/studio/7.0/toolchain/avr8/avr8-gnu-toolchain/bin/../lib/gcc/avr/5.4.0/avr5\libgcc.a(_copy_data.o)
 .bss           0x00000000        0x0 c:/program files (x86)/atmel/studio/7.0/toolchain/avr8/avr8-gnu-toolchain/bin/../lib/gcc/avr/5.4.0/avr5\libgcc.a(_copy_data.o)
 .text.libgcc.mul
                0x00000000        0x0 c:/program files (x86)/atmel/studio/7.0/toolchain/avr8/avr8-gnu-toolchain/bin/../lib/gcc/avr/5.4.0/avr5\libgcc.a(_copy_data.o)
 .text.libgcc.div
                0x00000000        0x0 c:/program files (x86)/atmel/studio/7.0/toolchain/avr8/avr8-gnu-toolchain/bin/../lib/gcc/avr/5.4.0/avr5\libgcc.a(_copy_data.o)
 .text.libgcc   0x00000000        0x0 c:/program files (x86)/atmel/studio/7.0/toolchain/avr8/avr8-gnu-toolchain/bin/../lib/gcc/avr/5.4.0/avr5\libgcc.a(_copy_data.o)
 .text.libgcc.prologue
                0x00000000        0x0 c:/program files (x86)/atmel/studio/7.0/toolchain/avr8/avr8-gnu-toolchain/bin/../lib/gcc/avr/5.4.0/avr5\libgcc.a(_copy_data.o)
 .text.libgcc.builtins
                0x00000000        0x0 c:/program files (x86)/atmel/studio/7.0/toolchain/avr8/avr8-gnu-toolchain/bin/../lib/gcc/avr/5.4.0/avr5\libgcc.a(_copy_data.o)
 .text.libgcc.fmul
                0x00000000        0x0 c:/program files (x86)/atmel/studio/7.0/toolchain/avr8/avr8-gnu-toolchain/bin/../lib/gcc/avr/5.4.0/avr5\libgcc.a(_copy_data.o)
 .text.libgcc.fixed
                0x00000000        0x0 c:/program files (x86)/atmel/studio/7.0/toolchain/avr8/avr8-gnu-toolchain/bin/../lib/gcc/avr/5.4.0/avr5\libgcc.a(_copy_data.o)
 .text          0x00000000        0x0 c:/program files (x86)/atmel/studio/7.0/toolchain/avr8/avr8-gnu-toolchain/bin/../lib/gcc/avr/5.4.0/avr5\libgcc.a(_clear_bss.o)
 .data          0x00000000        0x0 c:/program files (x86)/atmel/studio/7.0/toolchain/avr8/avr8-gnu-toolchain/bin/../lib/gcc/avr/5.4.0/avr5\libgcc.a(_clear_bss.o)
 .bss           0x00000000        0x0 c:/program files (x86)/atmel/studio/7.0/toolchain/avr8/avr8-gnu-toolchain/bin/../lib/gcc/avr/5.4.0/avr5\libgcc.a(_clear_bss.o)
 .text.libgcc.mul
                0x00000000        0x0 c:/program files (x86)/atmel/studio/7.0/toolchain/avr8/avr8-gnu-toolchain/bin/../lib/gcc/avr/5.4.0/avr5\libgcc.a(_clear_bss.o)
 .text.libgcc.div
                0x00000000        0x0 c:/program files (x86)/atmel/studio/7.0/toolchain/avr8/avr8-gnu-toolchain/bin/../lib/gcc/avr/5.4.0/avr5\libgcc.a(_clear_bss.o)
 .text.libgcc   0x00000000        0x0 c:/program files (x86)/atmel/studio/7.0/toolchain/avr8/avr8-gnu-toolchain/bin/../lib/gcc/avr/5.4.0/avr5\libgcc.a(_clear_bss.o)
 .text.libgcc.prologue
                0x00000000        0x0 c:/program files (x86)/atmel/studio/7.0/toolchain/avr8/avr8-gnu-toolchain/bin/../lib/gcc/avr/5.4.0/avr5\libgcc.a(_clear_bss.o)
 .text.libgcc.builtins
                0x00000000        0x0 c:/program files (x86)/atmel/studio/7.0/toolchain/avr8/avr8-gnu-toolchain/bin/../lib/gcc/avr/5.4.0/avr5\libgcc.a(_clear_bss.o)
 .text.libgcc.fmul
                0x00000000        0x0 c:/program files (x86)/atmel/studio/7.0/toolchain/avr8/avr8-gnu-toolchain/bin/../lib/gcc/avr/5.4.0/avr5\libgcc.a(_clear_bss.o)
 .text.libgcc.fixed
                0x00000000        0x0 c:/program files (x86)/atmel/studio/7.0/toolchain/avr8/avr8-gnu-toolchain/bin/../lib/gcc/avr/5.4.0/avr5\libgcc.a(_clear_bss.o)
 .text          0x00000000        0x0 c:/program files (x86)/atmel/studio/7.0/toolchain/avr8/avr8-gnu-toolchain/bin/../lib/gcc/avr/5.4.0/avr5\libgcc.a(_adddi3.o)
 .data          0x00000000        0x0 c:/program files (x86)/atmel/studio/7.0/toolchain/avr8/avr8-gnu-toolchain/bin/../lib/gcc/avr/5.4.0/avr5\libgcc.a(_adddi3.o)
 .bss           0x00000000        0x0 c:/program files (x86)/atmel/studio/7.0/toolchain/avr8/avr8-gnu-toolchain/bin/../lib/gcc/avr/5.4.0/avr5\libgcc.a(_adddi3.o)
 .text.libgcc.mul
                0x00000000        0x0 c:/program files (x86)/atmel/studio/7.0/toolchain/avr8/avr8-gnu-toolchain/bin/../lib/gcc/avr/5.4.0/avr5\libgcc.a(_adddi3.o)
 .text.libgcc.div
                0x00000000        0x0 c:/program files (x86)/atmel/studio/7.0/toolchain/avr8/avr8-gnu-toolchain/bin/../lib/gcc/avr/5.4.0/avr5\libgcc.a(_adddi3.o)
 .text.libgcc.prologue
                0x00000000        0x0 c:/program files (x86)/atmel/studio/7.0/toolchain/avr8/avr8-gnu-toolchain/bin/../lib/gcc/avr/5.4.0/avr5\libgcc.a(_adddi3.o)
 .text.libgcc.builtins
                0x00000000        0x0 c:/program files (x86)/atmel/studio/7.0/toolchain/avr8/avr8-gnu-toolchain/bin/../lib/gcc/avr/5.4.0/avr5\libgcc.a(_adddi3.o)
 .text.libgcc.fmul
                0x00000000        0x0 c:/program files (x86)/atmel/studio/7.0/toolchain/avr8/avr8-gnu-toolchain/bin/../lib/gcc/avr/5.4.0/avr5\libgcc.a(_adddi3.o)
 .text.libgcc.fixed
                0x00000000        0x0 c:/program files (x86)/atmel/studio/7.0/toolchain/avr8/avr8-gnu-toolchain/bin/../lib/gcc/avr/5.4.0/avr5\libgcc.a(_adddi3.o)
 .text          0x00000000        0x0 c:/program files (x86)/atmel/studio/7.0/toolchain/avr8/avr8-gnu-toolchain/bin/../lib/gcc/avr/5.4.0/avr5\libgcc.a(_adddi3_s8.o)
 .data          0x00000000        0x0 c:/program files (x86)/atmel/studio/7.0/toolchain/avr8/avr8-gnu-toolchain/bin/../lib/gcc/avr/5.4.0/avr5\libgcc.a(_adddi3_s8.o)
 .bss           0x00000000        0x0 c:/program files (x86)/atmel/studio/7.0/toolchain/avr8/avr8-gnu-toolchain/bin/../lib/gcc/avr/5.4.0/avr5\libgcc.a(_adddi3_s8.o)
 .text.libgcc.mul
                0x00000000        0x0 c:/program files (x86)/atmel/studio/7.0/toolchain/avr8/avr8-gnu-toolchain/bin/../lib/gcc/avr/5.4.0/avr5\libgcc.a(_adddi3_s8.o)
 .text.libgcc.div
                0x00000000        0x0 c:/program files (x86)/atmel/studio/7.0/toolchain/avr8/avr8-gnu-toolchain/bin/../lib/gcc/avr/5.4.0/avr5\libgcc.a(_adddi3_s8.o)
 .text.libgcc.prologue
                0x00000000        0x0 c:/program files (x86)/atmel/studio/7.0/toolchain/avr8/avr8-gnu-toolchain/bin/../lib/gcc/avr/5.4.0/avr5\libgcc.a(_adddi3_s8.o)
 .text.libgcc.builtins
                0x00000000        0x0 c:/program files (x86)/atmel/studio/7.0/toolchain/avr8/avr8-gnu-toolchain/bin/../lib/gcc/avr/5.4.0/avr5\libgcc.a(_adddi3_s8.o)
 .text.libgcc.fmul
                0x00000000        0x0 c:/program files (x86)/atmel/studio/7.0/toolchain/avr8/avr8-gnu-toolchain/bin/../lib/gcc/avr/5.4.0/avr5\libgcc.a(_adddi3_s8.o)
 .text.libgcc.fixed
                0x00000000        0x0 c:/program files (x86)/atmel/studio/7.0/toolchain/avr8/avr8-gnu-toolchain/bin/../lib/gcc/avr/5.4.0/avr5\libgcc.a(_adddi3_s8.o)
 .text          0x00000000        0x0 c:/program files (x86)/atmel/studio/7.0/toolchain/avr8/avr8-gnu-toolchain/bin/../lib/gcc/avr/5.4.0/avr5\libgcc.a(_subdi3.o)
 .data          0x00000000        0x0 c:/program files (x86)/atmel/studio/7.0/toolchain/avr8/avr8-gnu-toolchain/bin/../lib/gcc/avr/5.4.0/avr5\libgcc.a(_subdi3.o)
 .bss           0x00000000        0x0 c:/program files (x86)/atmel/studio/7.0/toolchain/avr8/avr8-gnu-toolchain/bin/../lib/gcc/avr/5.4.0/avr5\libgcc.a(_subdi3.o)
 .text.libgcc.mul
                0x00000000        0x0 c:/program files (x86)/atmel/studio/7.0/toolchain/avr8/avr8-gnu-toolchain/bin/../lib/gcc/avr/5.4.0/avr5\libgcc.a(_subdi3.o)
 .text.libgcc.div
                0x00000000        0x0 c:/program files (x86)/atmel/studio/7.0/toolchain/avr8/avr8-gnu-toolchain/bin/../lib/gcc/avr/5.4.0/avr5\libgcc.a(_subdi3.o)
 .text.libgcc.prologue
                0x00000000        0x0 c:/program files (x86)/atmel/studio/7.0/toolchain/avr8/avr8-gnu-toolchain/bin/../lib/gcc/avr/5.4.0/avr5\libgcc.a(_subdi3.o)
 .text.libgcc.builtins
                0x00000000        0x0 c:/program files (x86)/atmel/studio/7.0/toolchain/avr8/avr8-gnu-toolchain/bin/../lib/gcc/avr/5.4.0/avr5\libgcc.a(_subdi3.o)
 .text.libgcc.fmul
                0x00000000        0x0 c:/program files (x86)/atmel/studio/7.0/toolchain/avr8/avr8-gnu-toolchain/bin/../lib/gcc/avr/5.4.0/avr5\libgcc.a(_subdi3.o)
 .text.libgcc.fixed
                0x00000000        0x0 c:/program files (x86)/atmel/studio/7.0/toolchain/avr8/avr8-gnu-toolchain/bin/../lib/gcc/avr/5.4.0/avr5\libgcc.a(_subdi3.o)
 .text          0x00000000        0x0 c:/program files (x86)/atmel/studio/7.0/toolchain/avr8/avr8-gnu-toolchain/bin/../lib/gcc/avr/5.4.0/avr5\libgcc.a(_cmpdi2.o)
 .data          0x00000000        0x0 c:/program files (x86)/atmel/studio/7.0/toolchain/avr8/avr8-gnu-toolchain/bin/../lib/gcc/avr/5.4.0/avr5\libgcc.a(_cmpdi2.o)
 .bss           0x00000000        0x0 c:/program files (x86)/atmel/studio/7.0/toolchain/avr8/avr8-gnu-toolchain/bin/../lib/gcc/avr/5.4.0/avr5\libgcc.a(_cmpdi2.o)
 .text.libgcc.mul
                0x00000000        0x0 c:/program files (x86)/atmel/studio/7.0/toolchain/avr8/avr8-gnu-toolchain/bin/../lib/gcc/avr/5.4.0/avr5\libgcc.a(_cmpdi2.o)
 .text.libgcc.div
                0x00000000        0x0 c:/program files (x86)/atmel/studio/7.0/toolchain/avr8/avr8-gnu-toolchain/bin/../lib/gcc/avr/5.4.0/avr5\libgcc.a(_cmpdi2.o)
 .text.libgcc.prologue
                0x00000000        0x0 c:/program files (x86)/atmel/studio/7.0/toolchain/avr8/avr8-gnu-toolchain/bin/../lib/gcc/avr/5.4.0/avr5\libgcc.a(_cmpdi2.o)
 .text.libgcc.builtins
                0x00000000        0x0 c:/program files (x86)/atmel/studio/7.0/toolchain/avr8/avr8-gnu-toolchain/bin/../lib/gcc/avr/5.4.0/avr5\libgcc.a(_cmpdi2.o)
 .text.libgcc.fmul
                0x00000000        0x0 c:/program files (x86)/atmel/studio/7.0/toolchain/avr8/avr8-gnu-toolchain/bin/../lib/gcc/avr/5.4.0/avr5\libgcc.a(_cmpdi2.o)
 .text.libgcc.fixed
                0x00000000        0x0 c:/program files (x86)/atmel/studio/7.0/toolchain/avr8/avr8-gnu-toolchain/bin/../lib/gcc/avr/5.4.0/avr5\libgcc.a(_cmpdi2.o)
 .text          0x00000000        0x0 c:/program files (x86)/atmel/studio/7.0/toolchain/avr8/avr8-gnu-toolchain/bin/../lib/gcc/avr/5.4.0/../../../../avr/lib/avr5\libc.a(strcat_P.o)
 .data          0x00000000        0x0 c:/program files (x86)/atmel/studio/7.0/toolchain/avr8/avr8-gnu-toolchain/bin/../lib/gcc/avr/5.4.0/../../../../avr/lib/avr5\libc.a(strcat_P.o)
 .bss           0x00000000        0x0 c:/program files (x86)/atmel/studio/7.0/toolchain/avr8/avr8-gnu-toolchain/bin/../lib/gcc/avr/5.4.0/../../../../avr/lib/avr5\libc.a(strcat_P.o)
 .text.avr-libc
                0x00000000       0x16 c:/program files (x86)/atmel/studio/7.0/toolchain/avr8/avr8-gnu-toolchain/bin/../lib/gcc/avr/5.4.0/../../../../avr/lib/avr5\libc.a(strcat_P.o)
 .text          0x00000000        0x0 c:/program files (x86)/atmel/studio/7.0/toolchain/avr8/avr8-gnu-toolchain/bin/../lib/gcc/avr/5.4.0/../../../../avr/lib/avr5\libc.a(strcpy_P.o)
 .data          0x00000000        0x0 c:/program files (x86)/atmel/studio/7.0/toolchain/avr8/avr8-gnu-toolchain/bin/../lib/gcc/avr/5.4.0/../../../../avr/lib/avr5\libc.a(strcpy_P.o)
 .bss           0x00000000        0x0 c:/program files (x86)/atmel/studio/7.0/toolchain/avr8/avr8-gnu-toolchain/bin/../lib/gcc/avr/5.4.0/../../../../avr/lib/avr5\libc.a(strcpy_P.o)
 .text.avr-libc
                0x00000000        0xe c:/program files (x86)/atmel/studio/7.0/toolchain/avr8/avr8-gnu-toolchain/bin/../lib/gcc/avr/5.4.0/../../../../avr/lib/avr5\libc.a(strcpy_P.o)
 .text          0x00000000        0x0 c:/program files (x86)/atmel/studio/7.0/toolchain/avr8/avr8-gnu-toolchain/bin/../lib/gcc/avr/5.4.0/../../../../avr/lib/avr5\libc.a(strcmp.o)
 .data          0x00000000        0x0 c:/program files (x86)/atmel/studio/7.0/toolchain/avr8/avr8-gnu-toolchain/bin/../lib/gcc/avr/5.4.0/../../../../avr/lib/avr5\libc.a(strcmp.o)
 .bss           0x00000000        0x0 c:/program files (x86)/atmel/studio/7.0/toolchain/avr8/avr8-gnu-toolchain/bin/../lib/gcc/avr/5.4.0/../../../../avr/lib/avr5\libc.a(strcmp.o)
 .text.avr-libc
                0x00000000       0x12 c:/program files (x86)/atmel/studio/7.0/toolchain/avr8/avr8-gnu-toolchain/bin/../lib/gcc/avr/5.4.0/../../../../avr/lib/avr5\libc.a(strcmp.o)
 .text          0x00000000        0x0 c:/program files (x86)/atmel/studio/7.0/toolchain/avr8/avr8-gnu-toolchain/bin/../lib/gcc/avr/5.4.0/../../../../avr/lib/avr5\libc.a(strncmp.o)
 .data          0x00000000        0x0 c:/program files (x86)/atmel/studio/7.0/toolchain/avr8/avr8-gnu-toolchain/bin/../lib/gcc/avr/5.4.0/../../../../avr/lib/avr5\libc.a(strncmp.o)
 .bss           0x00000000        0x0 c:/program files (x86)/atmel/studio/7.0/toolchain/avr8/avr8-gnu-toolchain/bin/../lib/gcc/avr/5.4.0/../../../../avr/lib/avr5\libc.a(strncmp.o)

Memory Configuration

Name             Origin             Length             Attributes
text             0x00000000         0x00020000         xr
data             0x00800060         0x0000ffa0         rw !x
eeprom           0x00810000         0x00010000         rw !x
fuse             0x00820000         0x00000003         rw !x
lock             0x00830000         0x00000400         rw !x
signature        0x00840000         0x00000400         rw !x
user_signatures  0x00850000         0x00000400         rw !x
*default*        0x00000000         0xffffffff

Linker script and memory map

Address of section .data set to 0x800100
LOAD C:/Program Files (x86)/Atmel/Studio/7.0/Packs/atmel/ATmega_DFP/1.1.130/gcc/dev/atmega328pb/avr5/crtatmega328pb.o
LOAD Battery.o
LOAD BTD.o
LOAD funct.o
LOAD main.o
LOAD Motor.o
LOAD PS3BT.o
START GROUP
LOAD c:/program files (x86)/atmel/studio/7.0/toolchain/avr8/avr8-gnu-toolchain/bin/../lib/gcc/avr/5.4.0/../../../../avr/lib/avr5\libm.a
END GROUP
LOAD c:/program files (x86)/atmel/studio/7.0/toolchain/avr8/avr8-gnu-toolchain/bin/../lib/gcc/avr/5.4.0/avr5\libgcc.a
LOAD c:/program files (x86)/atmel/studio/7.0/toolchain/avr8/avr8-gnu-toolchain/bin/../lib/gcc/avr/5.4.0/../../../../avr/lib/avr5\libm.a
START GROUP
LOAD c:/program files (x86)/atmel/studio/7.0/toolchain/avr8/avr8-gnu-toolchain/bin/../lib/gcc/avr/5.4.0/avr5\libgcc.a
LOAD c:/program files (x86)/atmel/studio/7.0/toolchain/avr8/avr8-gnu-toolchain/bin/../lib/gcc/avr/5.4.0/../../../../avr/lib/avr5\libm.a
LOAD c:/program files (x86)/atmel/studio/7.0/toolchain/avr8/avr8-gnu-toolchain/bin/../lib/gcc/avr/5.4.0/../../../../avr/lib/avr5\libc.a
LOAD C:/Program Files (x86)/Atmel/Studio/7.0/Packs/atmel/ATmega_DFP/1.1.130/gcc/dev/atmega328pb/avr5\libatmega328pb.a
END GROUP
                0x00000000                __TEXT_REGION_ORIGIN__ = DEFINED (__TEXT_REGION_ORIGIN__)?__TEXT_REGION_ORIGIN__:0x0
                0x00800060                __DATA_REGION_ORIGIN__ = DEFINED (__DATA_REGION_ORIGIN__)?__DATA_REGION_ORIGIN__:0x800060
                0x00020000                __TEXT_REGION_LENGTH__ = DEFINED (__TEXT_REGION_LENGTH__)?__TEXT_REGION_LENGTH__:0x20000
                0x0000ffa0                __DATA_REGION_LENGTH__ = DEFINED (__DATA_REGION_LENGTH__)?__DATA_REGION_LENGTH__:0xffa0
                0x00010000                __EEPROM_REGION_LENGTH__ = DEFINED (__EEPROM_REGION_LENGTH__)?__EEPROM_REGION_LENGTH__:0x10000
                [0x00000003]                __FUSE_REGION_LENGTH__ = DEFINED (__FUSE_REGION_LENGTH__)?__FUSE_REGION_LENGTH__:0x400
                0x00000400                __LOCK_REGION_LENGTH__ = DEFINED (__LOCK_REGION_LENGTH__)?__LOCK_REGION_LENGTH__:0x400
                0x00000400                __SIGNATURE_REGION_LENGTH__ = DEFINED (__SIGNATURE_REGION_LENGTH__)?__SIGNATURE_REGION_LENGTH__:0x400
                0x00000400                __USER_SIGNATURE_REGION_LENGTH__ = DEFINED (__USER_SIGNATURE_REGION_LENGTH__)?__USER_SIGNATURE_REGION_LENGTH__:0x400

.hash
 *(.hash)

.dynsym
 *(.dynsym)

.dynstr
 *(.dynstr)

.gnu.version
 *(.gnu.version)

.gnu.version_d
 *(.gnu.version_d)

.gnu.version_r
 *(.gnu.version_r)

.rel.init
 *(.rel.init)

.rela.init
 *(.rela.init)

.rel.text
 *(.rel.text)
 *(.rel.text.*)
 *(.rel.gnu.linkonce.t*)

.rela.text
 *(.rela.text)
 *(.rela.text.*)
 *(.rela.gnu.linkonce.t*)

.rel.fini
 *(.rel.fini)

.rela.fini
 *(.rela.fini)

.rel.rodata
 *(.rel.rodata)
 *(.rel.rodata.*)
 *(.rel.gnu.linkonce.r*)

.rela.rodata
 *(.rela.rodata)
 *(.rela.rodata.*)
 *(.rela.gnu.linkonce.r*)

.rel.data
 *(.rel.data)
 *(.rel.data.*)
 *(.rel.gnu.linkonce.d*)

.rela.data
 *(.rela.data)
 *(.rela.data.*)
 *(.rela.gnu.linkonce.d*)

.rel.ctors
 *(.rel.ctors)

.rela.ctors
 *(.rela.ctors)

.rel.dtors
 *(.rel.dtors)

.rela.dtors
 *(.rela.dtors)

.rel.got
 *(.rel.got)

.rela.got
 *(.rela.got)

.rel.bss
 *(.rel.bss)

.rela.bss
 *(.rela.bss)

.rel.plt
 *(.rel.plt)

.rela.plt
 *(.rela.plt)

.text           0x00000000     0x3c10
 *(.vectors)
 .vectors       0x00000000       0xb4 C:/Program Files (x86)/Atmel/Studio/7.0/Packs/atmel/ATmega_DFP/1.1.130/gcc/dev/atmega328pb/avr5/crtatmega328pb.o
                0x00000000                __vector_default
                0x00000000                __vectors
 *(.vectors)
 *(.progmem.gcc*)
 .progmem.gcc_sw_table._ZN3BTD14HCI_event_taskEv
                0x000000b4       0x40 BTD.o
 .progmem.gcc_sw_table._ZN3BTD8HCI_taskEv
                0x000000f4       0x30 BTD.o
                0x00000124                . = ALIGN (0x2)
                0x00000124                __trampolines_start = .
 *(.trampolines)
 .trampolines   0x00000124        0x0 linker stubs
 *(.trampolines*)
                0x00000124                __trampolines_end = .
 *libprintf_flt.a:*(.progmem.data)
 *libc.a:*(.progmem.data)
 *(.progmem*)
 .progmem.data._ZZN3BTD8HCI_taskEvE3__c_36
                0x00000124       0x1f BTD.o
 .progmem.data._ZZN3BTD8HCI_taskEvE3__c_35
                0x00000143       0x16 BTD.o
 .progmem.data._ZZN3BTD8HCI_taskEvE3__c_34
                0x00000159       0x17 BTD.o
 .progmem.data._ZZN3BTD8HCI_taskEvE3__c_33
                0x00000170       0x1a BTD.o
 .progmem.data._ZZN3BTD8HCI_taskEvE3__c_32
                0x0000018a       0x29 BTD.o
 .progmem.data._ZZN3BTD8HCI_taskEvE3__c_31
                0x000001b3        0x2 BTD.o
 .progmem.data._ZZN3BTD8HCI_taskEvE3__c_30
                0x000001b5       0x18 BTD.o
 .progmem.data._ZZN3BTD8HCI_taskEvE3__c_29
                0x000001cd       0x1f BTD.o
 .progmem.data._ZZN3BTD8HCI_taskEvE3__c_28
                0x000001ec       0x1f BTD.o
 .progmem.data._ZZN3BTD8HCI_taskEvE3__c_27
                0x0000020b       0x15 BTD.o
 .progmem.data._ZZN3BTD8HCI_taskEvE3__c_26
                0x00000220       0x18 BTD.o
 .progmem.data._ZZN3BTD8HCI_taskEvE3__c_25
                0x00000238       0x19 BTD.o
 .progmem.data._ZZN3BTD8HCI_taskEvE3__c_24
                0x00000251       0x18 BTD.o
 .progmem.data._ZZN3BTD8HCI_taskEvE3__c_23
                0x00000269       0x10 BTD.o
 .progmem.data._ZZN3BTD8HCI_taskEvE3__c_22
                0x00000279       0x1e BTD.o
 .progmem.data._ZZN3BTD8HCI_taskEvE3__c_21
                0x00000297       0x27 BTD.o
 .progmem.data._ZZN3BTD8HCI_taskEvE3__c_20
                0x000002be       0x25 BTD.o
 .progmem.data._ZZN3BTD8HCI_taskEvE3__c_19
                0x000002e3       0x1a BTD.o
 .progmem.data._ZZN3BTD8HCI_taskEvE3__c_18
                0x000002fd       0x17 BTD.o
 .progmem.data._ZZN3BTD8HCI_taskEvE3__c_17
                0x00000314       0x1b BTD.o
 .progmem.data._ZZN3BTD8HCI_taskEvE3__c_16
                0x0000032f       0x18 BTD.o
 .progmem.data._ZZN3BTD8HCI_taskEvE3__c_15
                0x00000347        0x7 BTD.o
 .progmem.data._ZZN3BTD8HCI_taskEvE3__c_14
                0x0000034e        0x8 BTD.o
 .progmem.data._ZZN3BTD8HCI_taskEvE3__c_13
                0x00000356       0x24 BTD.o
 .progmem.data._ZZN3BTD8HCI_taskEvE3__c_12
                0x0000037a       0x15 BTD.o
 .progmem.data._ZZN3BTD8HCI_taskEvE3__c_11
                0x0000038f       0x11 BTD.o
 .progmem.data._ZZN3BTD8HCI_taskEvE3__c_10
                0x000003a0       0x28 BTD.o
 .progmem.data._ZZN3BTD8HCI_taskEvE3__c_9
                0x000003c8       0x13 BTD.o
 .progmem.data._ZZN3BTD8HCI_taskEvE3__c_8
                0x000003db       0x10 BTD.o
 .progmem.data._ZZN3BTD8HCI_taskEvE3__c_7
                0x000003eb       0x29 BTD.o
 .progmem.data._ZZN3BTD8HCI_taskEvE3__c_6
                0x00000414       0x88 BTD.o
 .progmem.data._ZZN3BTD8HCI_taskEvE3__c_5
                0x0000049c       0x17 BTD.o
 .progmem.data._ZZN3BTD8HCI_taskEvE3__c_4
                0x000004b3        0x2 BTD.o
 .progmem.data._ZZN3BTD8HCI_taskEvE3__c_3
                0x000004b5       0x1c BTD.o
 .progmem.data._ZZN3BTD8HCI_taskEvE3__c_2
                0x000004d1       0x18 BTD.o
 .progmem.data._ZZN3BTD8HCI_taskEvE3__c_1
                0x000004e9       0x17 BTD.o
 .progmem.data._ZZN3BTD8HCI_taskEvE3__c_0
                0x00000500       0x1b BTD.o
 .progmem.data._ZZN3BTD8HCI_taskEvE3__c
                0x0000051b       0x15 BTD.o
 .progmem.data._ZZN3BTD14HCI_event_taskEvE3__c_37
                0x00000530       0x18 BTD.o
 .progmem.data._ZZN3BTD14HCI_event_taskEvE3__c_36
                0x00000548       0x1c BTD.o
 .progmem.data._ZZN3BTD14HCI_event_taskEvE3__c_35
                0x00000564       0x20 BTD.o
 .progmem.data._ZZN3BTD14HCI_event_taskEvE3__c_34
                0x00000584       0x1d BTD.o
 .progmem.data._ZZN3BTD14HCI_event_taskEvE3__c_33
                0x000005a1       0x1f BTD.o
 .progmem.data._ZZN3BTD14HCI_event_taskEvE3__c_32
                0x000005c0       0x1a BTD.o
 .progmem.data._ZZN3BTD14HCI_event_taskEvE3__c_31
                0x000005da       0x1e BTD.o
 .progmem.data._ZZN3BTD14HCI_event_taskEvE3__c_30
                0x000005f8       0x1b BTD.o
 .progmem.data._ZZN3BTD14HCI_event_taskEvE3__c_29
                0x00000613       0x1a BTD.o
 .progmem.data._ZZN3BTD14HCI_event_taskEvE3__c_28
                0x0000062d       0x1f BTD.o
 .progmem.data._ZZN3BTD14HCI_event_taskEvE3__c_27
                0x0000064c       0x1d BTD.o
 .progmem.data._ZZN3BTD14HCI_event_taskEvE3__c_26
                0x00000669       0x13 BTD.o
 .progmem.data._ZZN3BTD14HCI_event_taskEvE3__c_25
                0x0000067c        0xf BTD.o
 .progmem.data._ZZN3BTD14HCI_event_taskEvE3__c_24
                0x0000068b       0x16 BTD.o
 .progmem.data._ZZN3BTD14HCI_event_taskEvE3__c_23
                0x000006a1       0x13 BTD.o
 .progmem.data._ZZN3BTD14HCI_event_taskEvE3__c_22
                0x000006b4       0x25 BTD.o
 .progmem.data._ZZN3BTD14HCI_event_taskEvE3__c_21
                0x000006d9       0x22 BTD.o
 .progmem.data._ZZN3BTD14HCI_event_taskEvE3__c_20
                0x000006fb       0x17 BTD.o
 .progmem.data._ZZN3BTD14HCI_event_taskEvE3__c_19
                0x00000712       0x11 BTD.o
 .progmem.data._ZZN3BTD14HCI_event_taskEvE3__c_18
                0x00000723       0x1d BTD.o
 .progmem.data._ZZN3BTD14HCI_event_taskEvE3__c_17
                0x00000740       0x17 BTD.o
 .progmem.data._ZZN3BTD14HCI_event_taskEvE3__c_16
                0x00000757        0x2 BTD.o
 .progmem.data._ZZN3BTD14HCI_event_taskEvE3__c_15
                0x00000759        0x2 BTD.o
 .progmem.data._ZZN3BTD14HCI_event_taskEvE3__c_14
                0x0000075b       0x14 BTD.o
 .progmem.data._ZZN3BTD14HCI_event_taskEvE3__c_13
                0x0000076f       0x18 BTD.o
 .progmem.data._ZZN3BTD14HCI_event_taskEvE3__c_12
                0x00000787       0x19 BTD.o
 .progmem.data._ZZN3BTD14HCI_event_taskEvE3__c_11
                0x000007a0       0x16 BTD.o
 .progmem.data._ZZN3BTD14HCI_event_taskEvE3__c_10
                0x000007b6       0x16 BTD.o
 .progmem.data._ZZN3BTD14HCI_event_taskEvE3__c_9
                0x000007cc       0x19 BTD.o
 .progmem.data._ZZN3BTD14HCI_event_taskEvE3__c_8
                0x000007e5       0x10 BTD.o
 .progmem.data._ZZN3BTD14HCI_event_taskEvE3__c_7
                0x000007f5       0x11 BTD.o
 .progmem.data._ZZN3BTD14HCI_event_taskEvE3__c_6
                0x00000806        0xe BTD.o
 .progmem.data._ZZN3BTD14HCI_event_taskEvE3__c_5
                0x00000814        0x2 BTD.o
 .progmem.data._ZZN3BTD14HCI_event_taskEvE3__c_4
                0x00000816        0x2 BTD.o
 .progmem.data._ZZN3BTD14HCI_event_taskEvE3__c_3
                0x00000818       0x14 BTD.o
 .progmem.data._ZZN3BTD14HCI_event_taskEvE3__c_2
                0x0000082c       0x18 BTD.o
 .progmem.data._ZZN3BTD14HCI_event_taskEvE3__c_1
                0x00000844       0x1b BTD.o
 .progmem.data._ZZN3BTD14HCI_event_taskEvE3__c_0
                0x0000085f       0x18 BTD.o
 .progmem.data._ZZN3BTD14HCI_event_taskEvE3__c
                0x00000877       0x17 BTD.o
 .progmem.data._ZL10FadeLookUp
                0x0000088e       0xfe funct.o
 .progmem.data._ZZ4mainE3__c
                0x0000098c        0xa main.o
 .progmem.data._ZZN5PS3BT3RunEvE3__c_1
                0x00000996       0x1e PS3BT.o
 .progmem.data._ZZN5PS3BT3RunEvE3__c_0
                0x000009b4       0x22 PS3BT.o
 .progmem.data._ZZN5PS3BT3RunEvE3__c
                0x000009d6       0x23 PS3BT.o
 .progmem.data._ZZN5PS3BT10L2CAP_taskEvE3__c_4
                0x000009f9       0x1f PS3BT.o
 .progmem.data._ZZN5PS3BT10L2CAP_taskEvE3__c_3
                0x00000a18       0x21 PS3BT.o
 .progmem.data._ZZN5PS3BT10L2CAP_taskEvE3__c_2
                0x00000a39       0x28 PS3BT.o
 .progmem.data._ZZN5PS3BT10L2CAP_taskEvE3__c_1
                0x00000a61       0x2c PS3BT.o
 .progmem.data._ZZN5PS3BT10L2CAP_taskEvE3__c_0
                0x00000a8d       0x26 PS3BT.o
 .progmem.data._ZZN5PS3BT10L2CAP_taskEvE3__c
                0x00000ab3       0x2a PS3BT.o
 .progmem.data._ZZN5PS3BT7ACLDataEPhE3__c_11
                0x00000add       0x12 PS3BT.o
 .progmem.data._ZZN5PS3BT7ACLDataEPhE3__c_10
                0x00000aef       0x24 PS3BT.o
 .progmem.data._ZZN5PS3BT7ACLDataEPhE3__c_9
                0x00000b13       0x29 PS3BT.o
 .progmem.data._ZZN5PS3BT7ACLDataEPhE3__c_8
                0x00000b3c       0x27 PS3BT.o
 .progmem.data._ZZN5PS3BT7ACLDataEPhE3__c_7
                0x00000b63       0x26 PS3BT.o
 .progmem.data._ZZN5PS3BT7ACLDataEPhE3__c_6
                0x00000b89       0x24 PS3BT.o
 .progmem.data._ZZN5PS3BT7ACLDataEPhE3__c_5
                0x00000bad       0x27 PS3BT.o
 .progmem.data._ZZN5PS3BT7ACLDataEPhE3__c_4
                0x00000bd4       0x25 PS3BT.o
 .progmem.data._ZZN5PS3BT7ACLDataEPhE3__c_3
                0x00000bf9        0xe PS3BT.o
 .progmem.data._ZZN5PS3BT7ACLDataEPhE3__c_2
                0x00000c07        0x2 PS3BT.o
 .progmem.data._ZZN5PS3BT7ACLDataEPhE3__c_1
                0x00000c09        0x8 PS3BT.o
 .progmem.data._ZZN5PS3BT7ACLDataEPhE3__c_0
                0x00000c11        0x2 PS3BT.o
 .progmem.data._ZZN5PS3BT7ACLDataEPhE3__c
                0x00000c13       0x23 PS3BT.o
 .progmem.data._ZL11PS3_BUTTONS
                0x00000c36       0x4c PS3BT.o
 .progmem.data._ZL8PS3_LEDS
                0x00000c82        0xb PS3BT.o
 .progmem.data._ZL17PS3_REPORT_BUFFER
                0x00000c8d       0x30 PS3BT.o
                0x00000cbe                . = ALIGN (0x2)
 *fill*         0x00000cbd        0x1 
 *(.jumptables)
 *(.jumptables*)
 *(.lowtext)
 *(.lowtext*)
                0x00000cbe                __ctors_start = .
 *(.ctors)
                0x00000cbe                __ctors_end = .
                0x00000cbe                __dtors_start = .
 *(.dtors)
                0x00000cbe                __dtors_end = .
 SORT(*)(.ctors)
 SORT(*)(.dtors)
 *(.init0)
 .init0         0x00000cbe        0x0 C:/Program Files (x86)/Atmel/Studio/7.0/Packs/atmel/ATmega_DFP/1.1.130/gcc/dev/atmega328pb/avr5/crtatmega328pb.o
                0x00000cbe                __init
 *(.init0)
 *(.init1)
 *(.init1)
 *(.init2)
 .init2         0x00000cbe        0xc C:/Program Files (x86)/Atmel/Studio/7.0/Packs/atmel/ATmega_DFP/1.1.130/gcc/dev/atmega328pb/avr5/crtatmega328pb.o
 *(.init2)
 *(.init3)
 *(.init3)
 *(.init4)
 .init4         0x00000cca       0x16 c:/program files (x86)/atmel/studio/7.0/toolchain/avr8/avr8-gnu-toolchain/bin/../lib/gcc/avr/5.4.0/avr5\libgcc.a(_copy_data.o)
                0x00000cca                __do_copy_data
 .init4         0x00000ce0       0x10 c:/program files (x86)/atmel/studio/7.0/toolchain/avr8/avr8-gnu-toolchain/bin/../lib/gcc/avr/5.4.0/avr5\libgcc.a(_clear_bss.o)
                0x00000ce0                __do_clear_bss
 *(.init4)
 *(.init5)
 *(.init5)
 *(.init6)
 *(.init6)
 *(.init7)
 *(.init7)
 *(.init8)
 *(.init8)
 *(.init9)
 .init9         0x00000cf0        0x8 C:/Program Files (x86)/Atmel/Studio/7.0/Packs/atmel/ATmega_DFP/1.1.130/gcc/dev/atmega328pb/avr5/crtatmega328pb.o
 *(.init9)
 *(.text)
 .text          0x00000cf8        0x4 C:/Program Files (x86)/Atmel/Studio/7.0/Packs/atmel/ATmega_DFP/1.1.130/gcc/dev/atmega328pb/avr5/crtatmega328pb.o
                0x00000cf8                __vector_38
                0x00000cf8                __vector_22
                0x00000cf8                __vector_28
                0x00000cf8                __vector_1
                0x00000cf8                __vector_32
                0x00000cf8                __vector_34
                0x00000cf8                __vector_24
                0x00000cf8                __vector_12
                0x00000cf8                __bad_interrupt
                0x00000cf8                __vector_31
                0x00000cf8                __vector_35
                0x00000cf8                __vector_39
                0x00000cf8                __vector_3
                0x00000cf8                __vector_23
                0x00000cf8                __vector_30
                0x00000cf8                __vector_25
                0x00000cf8                __vector_11
                0x00000cf8                __vector_13
                0x00000cf8                __vector_17
                0x00000cf8                __vector_19
                0x00000cf8                __vector_7
                0x00000cf8                __vector_43
                0x00000cf8                __vector_27
                0x00000cf8                __vector_5
                0x00000cf8                __vector_33
                0x00000cf8                __vector_37
                0x00000cf8                __vector_4
                0x00000cf8                __vector_44
                0x00000cf8                __vector_9
                0x00000cf8                __vector_2
                0x00000cf8                __vector_21
                0x00000cf8                __vector_15
                0x00000cf8                __vector_36
                0x00000cf8                __vector_40
                0x00000cf8                __vector_8
                0x00000cf8                __vector_26
                0x00000cf8                __vector_14
                0x00000cf8                __vector_10
                0x00000cf8                __vector_16
                0x00000cf8                __vector_20
                0x00000cf8                __vector_42
                0x00000cfc                . = ALIGN (0x2)
 *(.text.*)
 .text.__vector_6
                0x00000cfc       0x1e Battery.o
                0x00000cfc                __vector_6
 .text._ZN3BTDC2Ev
                0x00000d1a       0x44 BTD.o
                0x00000d1a                _ZN3BTDC1Ev
                0x00000d1a                _ZN3BTDC2Ev
 .text._ZN3BTD10InitializeEv
                0x00000d5e       0x52 BTD.o
                0x00000d5e                _ZN3BTD10InitializeEv
 .text._ZN3BTD14ACL_event_taskEv
                0x00000db0       0x38 BTD.o
                0x00000db0                _ZN3BTD14ACL_event_taskEv
 .text._ZN3BTD11HCI_CommandEPhj
                0x00000de8       0x54 BTD.o
                0x00000de8                _ZN3BTD11HCI_CommandEPhj
 .text._ZN3BTD9hci_resetEv
                0x00000e3c       0x24 BTD.o
                0x00000e3c                _ZN3BTD9hci_resetEv
 .text._ZN3BTD21hci_write_scan_enableEv
                0x00000e60       0x46 BTD.o
                0x00000e60                _ZN3BTD21hci_write_scan_enableEv
 .text._ZN3BTD15hci_read_bdaddrEv
                0x00000ea6       0x2a BTD.o
                0x00000ea6                _ZN3BTD15hci_read_bdaddrEv
 .text._ZN3BTD34hci_read_local_version_informationEv
                0x00000ed0       0x2a BTD.o
                0x00000ed0                _ZN3BTD34hci_read_local_version_informationEv
 .text._ZN3BTD21hci_accept_connectionEv
                0x00000efa       0x62 BTD.o
                0x00000efa                _ZN3BTD21hci_accept_connectionEv
 .text._ZN3BTD15hci_remote_nameEv
                0x00000f5c       0x6a BTD.o
                0x00000f5c                _ZN3BTD15hci_remote_nameEv
 .text._ZN3BTD18hci_set_local_nameEPKc
                0x00000fc6       0x84 BTD.o
                0x00000fc6                _ZN3BTD18hci_set_local_nameEPKc
 .text._ZN3BTD11hci_inquiryEv
                0x0000104a       0x40 BTD.o
                0x0000104a                _ZN3BTD11hci_inquiryEv
 .text._ZN3BTD18hci_inquiry_cancelEv
                0x0000108a       0x1a BTD.o
                0x0000108a                _ZN3BTD18hci_inquiry_cancelEv
 .text._ZN3BTD11hci_connectEPh
                0x000010a4       0x6e BTD.o
                0x000010a4                _ZN3BTD11hci_connectEPh
 .text._ZN3BTD11hci_connectEv
                0x00001112        0xc BTD.o
                0x00001112                _ZN3BTD11hci_connectEv
 .text._ZN3BTD26hci_pin_code_request_replyEv
                0x0000111e      0x100 BTD.o
                0x0000111e                _ZN3BTD26hci_pin_code_request_replyEv
 .text._ZN3BTD35hci_pin_code_negative_request_replyEv
                0x0000121e       0x50 BTD.o
                0x0000121e                _ZN3BTD35hci_pin_code_negative_request_replyEv
 .text._ZN3BTD35hci_link_key_request_negative_replyEv
                0x0000126e       0x50 BTD.o
                0x0000126e                _ZN3BTD35hci_link_key_request_negative_replyEv
 .text._ZN3BTD26hci_authentication_requestEv
                0x000012be       0x2e BTD.o
                0x000012be                _ZN3BTD26hci_authentication_requestEv
 .text._ZN3BTD14hci_disconnectEj
                0x000012ec       0x36 BTD.o
                0x000012ec                _ZN3BTD14hci_disconnectEj
 .text._ZN3BTD14HCI_event_taskEv
                0x00001322      0x658 BTD.o
                0x00001322                _ZN3BTD14HCI_event_taskEv
 .text._ZN3BTD25hci_write_class_of_deviceEv
                0x0000197a       0x24 BTD.o
                0x0000197a                _ZN3BTD25hci_write_class_of_deviceEv
 .text._ZN3BTD22hci_change_packet_typeEv
                0x0000199e       0x28 BTD.o
                0x0000199e                _ZN3BTD22hci_change_packet_typeEv
 .text._ZN3BTD31hci_write_authentication_enableEv
                0x000019c6       0x1e BTD.o
                0x000019c6                _ZN3BTD31hci_write_authentication_enableEv
 .text._ZN3BTD8HCI_taskEv
                0x000019e4      0x724 BTD.o
                0x000019e4                _ZN3BTD8HCI_taskEv
 .text._ZN3BTD5BPollEv
                0x00002108       0xb4 BTD.o
                0x00002108                _ZN3BTD5BPollEv
 .text._ZN3BTD13L2CAP_CommandEjPhhhh
                0x000021bc       0xbc BTD.o
                0x000021bc                _ZN3BTD13L2CAP_CommandEjPhhhh
 .text._ZN3BTD25l2cap_connection_responseEjhPhS0_h
                0x00002278       0x7a BTD.o
                0x00002278                _ZN3BTD25l2cap_connection_responseEjhPhS0_h
 .text._ZN3BTD20l2cap_config_requestEjhPh
                0x000022f2       0x6a BTD.o
                0x000022f2                _ZN3BTD20l2cap_config_requestEjhPh
 .text._ZN3BTD21l2cap_config_responseEjhPh
                0x0000235c       0x72 BTD.o
                0x0000235c                _ZN3BTD21l2cap_config_responseEjhPh
 .text._ZN3BTD27l2cap_disconnection_requestEjhPhS0_
                0x000023ce       0x6a BTD.o
                0x000023ce                _ZN3BTD27l2cap_disconnection_requestEjhPhS0_
 .text._ZN3BTD28l2cap_disconnection_responseEjhPhS0_
                0x00002438       0x6a BTD.o
                0x00002438                _ZN3BTD28l2cap_disconnection_responseEjhPhS0_
 .text._Z7Init_T4h
                0x000024a2       0x22 funct.o
                0x000024a2                _Z7Init_T4h
 .text._Z11Init_PWM_T0h
                0x000024c4       0x16 funct.o
                0x000024c4                _Z11Init_PWM_T0h
 .text._Z11Init_PWM_T1h
                0x000024da       0x14 funct.o
                0x000024da                _Z11Init_PWM_T1h
 .text._Z11Init_PWM_T3h
                0x000024ee       0x18 funct.o
                0x000024ee                _Z11Init_PWM_T3h
 .text._Z10hexToASCIIh
                0x00002506        0xc funct.o
                0x00002506                _Z10hexToASCIIh
 .text._Z11hexToStringh
                0x00002512       0x2c funct.o
                0x00002512                _Z11hexToStringh
 .text._Z11USART0_Initj
                0x0000253e       0x1a funct.o
                0x0000253e                _Z11USART0_Initj
 .text._Z15USART0_Transmith
                0x00002558       0x10 funct.o
                0x00002558                _Z15USART0_Transmith
 .text._Z11USART1_Initj
                0x00002568       0x16 funct.o
                0x00002568                _Z11USART1_Initj
 .text._Z14USART1_Disablev
                0x0000257e        0x6 funct.o
                0x0000257e                _Z14USART1_Disablev
 .text._Z15USART1_Transmith
                0x00002584       0x60 funct.o
                0x00002584                _Z15USART1_Transmith
 .text._Z16printStringCRNL1PKc
                0x000025e4       0x2a funct.o
                0x000025e4                _Z16printStringCRNL1PKc
 .text._Z12printString1PKc
                0x0000260e       0x1e funct.o
                0x0000260e                _Z12printString1PKc
 .text._Z6NotifyPKch
                0x0000262c       0x26 funct.o
                0x0000262c                _Z6NotifyPKch
 .text._Z10D_PrintHexhh
                0x00002652        0xa funct.o
                0x00002652                _Z10D_PrintHexhh
 .text._Z7NotifySch
                0x0000265c        0x6 funct.o
                0x0000265c                _Z7NotifySch
 .text._Z11setThingsUpv
                0x00002662       0x2a funct.o
                0x00002662                _Z11setThingsUpv
 .text._Z6millisv
                0x0000268c       0x22 funct.o
                0x0000268c                _Z6millisv
 .text._Z5delayj
                0x000026ae       0xac funct.o
                0x000026ae                _Z5delayj
 .text._Z17setIndicatorCountj
                0x0000275a        0xa funct.o
                0x0000275a                _Z17setIndicatorCountj
 .text.__vector_18
                0x00002764      0x1ac funct.o
                0x00002764                __vector_18
 .text.__vector_29
                0x00002910       0x74 funct.o
                0x00002910                __vector_29
 .text.__vector_41
                0x00002984      0x130 funct.o
                0x00002984                __vector_41
 .text.main     0x00002ab4      0x152 main.o
                0x00002ab4                main
 .text._Z10Init_Motorv
                0x00002c06       0x1a Motor.o
                0x00002c06                _Z10Init_Motorv
 .text._Z13disable_Motorv
                0x00002c20       0x1e Motor.o
                0x00002c20                _Z13disable_Motorv
 .text._Z12offsetForJoyj
                0x00002c3e       0x40 Motor.o
                0x00002c3e                _Z12offsetForJoyj
 .text._Z11computeLeftjj
                0x00002c7e       0x80 Motor.o
                0x00002c7e                _Z11computeLeftjj
 .text._Z12computeRightjj
                0x00002cfe       0x80 Motor.o
                0x00002cfe                _Z12computeRightjj
 .text._Z16updateMotorSpeedhh
                0x00002d7e      0x19a Motor.o
                0x00002d7e                _Z16updateMotorSpeedhh
 .text._ZN5PS3BT5ResetEv
                0x00002f18       0x58 PS3BT.o
                0x00002f18                _ZN5PS3BT5ResetEv
 .text._ZN5PS3BT10disconnectEv
                0x00002f70       0x44 PS3BT.o
                0x00002f70                _ZN5PS3BT10disconnectEv
 .text._ZN5PS3BTC2EP3BTDhhhhhh
                0x00002fb4       0x90 PS3BT.o
                0x00002fb4                _ZN5PS3BTC1EP3BTDhhhhhh
                0x00002fb4                _ZN5PS3BTC2EP3BTDhhhhhh
 .text._ZN5PS3BT14getButtonClickE10ButtonEnum
                0x00003044       0x6c PS3BT.o
                0x00003044                _ZN5PS3BT14getButtonClickE10ButtonEnum
 .text._ZN5PS3BT12getAnalogHatE13AnalogHatEnum
                0x000030b0        0xa PS3BT.o
                0x000030b0                _ZN5PS3BT12getAnalogHatE13AnalogHatEnum
 .text._ZN5PS3BT10L2CAP_taskEv
                0x000030ba      0x1ee PS3BT.o
                0x000030ba                _ZN5PS3BT10L2CAP_taskEv
 .text._ZN5PS3BT7ACLDataEPh
                0x000032a8      0x4a2 PS3BT.o
                0x000032a8                _ZN5PS3BT7ACLDataEPh
 .text._ZN5PS3BT11HID_CommandEPhh
                0x0000374a       0xbc PS3BT.o
                0x0000374a                _ZN5PS3BT11HID_CommandEPhh
 .text._ZN5PS3BT9setLedRawEh
                0x00003806       0x18 PS3BT.o
                0x00003806                _ZN5PS3BT9setLedRawEh
 .text._ZN5PS3BT8setLedOnE7LEDEnum
                0x0000381e       0x32 PS3BT.o
                0x0000381e                _ZN5PS3BT8setLedOnE7LEDEnum
 .text._ZN5PS3BT14enable_sixaxisEv
                0x00003850       0x40 PS3BT.o
                0x00003850                _ZN5PS3BT14enable_sixaxisEv
 .text._ZN5PS3BT15HIDMove_CommandEPhh
                0x00003890       0xbc PS3BT.o
                0x00003890                _ZN5PS3BT15HIDMove_CommandEPhh
 .text._ZN5PS3BT3RunEv
                0x0000394c      0x1ba PS3BT.o
                0x0000394c                _ZN5PS3BT3RunEv
 .text._ZN5PS3BT11moveSetBulbEhhh
                0x00003b06       0x1e PS3BT.o
                0x00003b06                _ZN5PS3BT11moveSetBulbEhhh
 .text._ZN5PS3BT11moveSetBulbE10ColorsEnum
                0x00003b24       0x42 PS3BT.o
                0x00003b24                _ZN5PS3BT11moveSetBulbE10ColorsEnum
 .text._ZN5PS3BT6onInitEv
                0x00003b66       0x30 PS3BT.o
                0x00003b66                _ZN5PS3BT6onInitEv
 .text.libgcc   0x00003b96        0xc c:/program files (x86)/atmel/studio/7.0/toolchain/avr8/avr8-gnu-toolchain/bin/../lib/gcc/avr/5.4.0/avr5\libgcc.a(_tablejump2.o)
                0x00003b96                __tablejump2__
 .text.libgcc   0x00003ba2       0x12 c:/program files (x86)/atmel/studio/7.0/toolchain/avr8/avr8-gnu-toolchain/bin/../lib/gcc/avr/5.4.0/avr5\libgcc.a(_adddi3.o)
                0x00003ba2                __adddi3
 .text.libgcc   0x00003bb4       0x18 c:/program files (x86)/atmel/studio/7.0/toolchain/avr8/avr8-gnu-toolchain/bin/../lib/gcc/avr/5.4.0/avr5\libgcc.a(_adddi3_s8.o)
                0x00003bb4                __adddi3_s8
 .text.libgcc   0x00003bcc       0x12 c:/program files (x86)/atmel/studio/7.0/toolchain/avr8/avr8-gnu-toolchain/bin/../lib/gcc/avr/5.4.0/avr5\libgcc.a(_subdi3.o)
                0x00003bcc                __subdi3
 .text.libgcc   0x00003bde       0x12 c:/program files (x86)/atmel/studio/7.0/toolchain/avr8/avr8-gnu-toolchain/bin/../lib/gcc/avr/5.4.0/avr5\libgcc.a(_cmpdi2.o)
                0x00003bde                __cmpdi2
 .text.avr-libc
                0x00003bf0       0x1c c:/program files (x86)/atmel/studio/7.0/toolchain/avr8/avr8-gnu-toolchain/bin/../lib/gcc/avr/5.4.0/../../../../avr/lib/avr5\libc.a(strncmp.o)
                0x00003bf0                strncmp
                0x00003c0c                . = ALIGN (0x2)
 *(.fini9)
 .fini9         0x00003c0c        0x0 c:/program files (x86)/atmel/studio/7.0/toolchain/avr8/avr8-gnu-toolchain/bin/../lib/gcc/avr/5.4.0/avr5\libgcc.a(_exit.o)
                0x00003c0c                _exit
                0x00003c0c                exit
 *(.fini9)
 *(.fini8)
 *(.fini8)
 *(.fini7)
 *(.fini7)
 *(.fini6)
 *(.fini6)
 *(.fini5)
 *(.fini5)
 *(.fini4)
 *(.fini4)
 *(.fini3)
 *(.fini3)
 *(.fini2)
 *(.fini2)
 *(.fini1)
 *(.fini1)
 *(.fini0)
 .fini0         0x00003c0c        0x4 c:/program files (x86)/atmel/studio/7.0/toolchain/avr8/avr8-gnu-toolchain/bin/../lib/gcc/avr/5.4.0/avr5\libgcc.a(_exit.o)
 *(.fini0)
                0x00003c10                _etext = .

.data           0x00800100      0x140 load address 0x00003c10
                0x00800100                PROVIDE (__data_start, .)
 *(.data)
 *(.data*)
 .data._ZZ11__vector_41E2up
                0x00800100        0x1 funct.o
 .data.Buf_top  0x00800101        0x2 funct.o
                0x00800101                Buf_top
 .data.Event_Length
                0x00800103        0x2 funct.o
                0x00800103                Event_Length
 *(.gnu.linkonce.d*)
 *(.rodata)
 *(.rodata*)
 .rodata.str1.1
                0x00800105       0x69 BTD.o
 .rodata.str1.1
                0x0080016e       0x5b funct.o
 .rodata.str1.1
                0x008001c9       0x65 main.o
 .rodata.str1.1
                0x0080022e        0x4 PS3BT.o
 .rodata._ZTV5PS3BT
                0x00800232        0xe PS3BT.o
                0x00800232                _ZTV5PS3BT
 *(.gnu.linkonce.r*)
                0x00800240                . = ALIGN (0x2)
                0x00800240                _edata = .
                0x00800240                PROVIDE (__data_end, .)

.bss            0x00800240      0x373
                0x00800240                PROVIDE (__bss_start, .)
 *(.bss)
 *(.bss*)
 .bss._ZZ11__vector_41E1i
                0x00800240        0x1 funct.o
 .bss._ZZ11__vector_41E6count1
                0x00800241        0x2 funct.o
 .bss._ZZ11__vector_18E5count
                0x00800243        0x2 funct.o
 .bss._ZZ11__vector_18E4Head
                0x00800245        0x1 funct.o
 .bss._ZZ11__vector_18E15HEADER_RECEIVED
                0x00800246        0x1 funct.o
 .bss._ZZ11hexToStringhE5ascii
                0x00800247        0x3 funct.o
 .bss.ACL_DATA_RECEIVED
                0x0080024a        0x1 funct.o
                0x0080024a                ACL_DATA_RECEIVED
 .bss.EVENT_RECEIVED
                0x0080024b        0x1 funct.o
                0x0080024b                EVENT_RECEIVED
 .bss.tx1_pl    0x0080024c        0x1 funct.o
                0x0080024c                tx1_pl
 .bss.tx1_ph    0x0080024d        0x1 funct.o
                0x0080024d                tx1_ph
 .bss.aclbuf    0x0080024e      0x12c funct.o
                0x0080024e                aclbuf
 .bss.tx1buf    0x0080037a       0xff funct.o
                0x0080037a                tx1buf
 .bss.hcibuf    0x00800479      0x12c funct.o
                0x00800479                hcibuf
 .bss.lcount    0x008005a5        0x2 funct.o
                0x008005a5                lcount
 .bss.time      0x008005a7        0x8 funct.o
                0x008005a7                time
 .bss._ZZ16updateMotorSpeedhhE6MotorR
                0x008005af        0x2 Motor.o
 .bss._ZZ16updateMotorSpeedhhE6MotorL
                0x008005b1        0x2 Motor.o
 *(COMMON)
                0x008005b3                PROVIDE (__bss_end, .)
                0x00003c10                __data_load_start = LOADADDR (.data)
                0x00003d50                __data_load_end = (__data_load_start + SIZEOF (.data))

.noinit         0x008005b3        0x0
                [!provide]                PROVIDE (__noinit_start, .)
 *(.noinit*)
                [!provide]                PROVIDE (__noinit_end, .)
                0x008005b3                _end = .
                [!provide]                PROVIDE (__heap_start, .)

.eeprom         0x00810000        0x0
 *(.eeprom*)
                0x00810000                __eeprom_end = .

.fuse
 *(.fuse)
 *(.lfuse)
 *(.hfuse)
 *(.efuse)

.lock
 *(.lock*)

.signature
 *(.signature*)

.user_signatures
 *(.user_signatures*)

.stab
 *(.stab)

.stabstr
 *(.stabstr)

.stab.excl
 *(.stab.excl)

.stab.exclstr
 *(.stab.exclstr)

.stab.index
 *(.stab.index)

.stab.indexstr
 *(.stab.indexstr)

.comment        0x00000000       0x30
 *(.comment)
 .comment       0x00000000       0x30 Battery.o
                                 0x31 (size before relaxing)
 .comment       0x00000030       0x31 BTD.o
 .comment       0x00000030       0x31 funct.o
 .comment       0x00000030       0x31 main.o
 .comment       0x00000030       0x31 Motor.o
 .comment       0x00000030       0x31 PS3BT.o

.note.gnu.avr.deviceinfo
                0x00000000       0x40
 .note.gnu.avr.deviceinfo
                0x00000000       0x40 C:/Program Files (x86)/Atmel/Studio/7.0/Packs/atmel/ATmega_DFP/1.1.130/gcc/dev/atmega328pb/avr5/crtatmega328pb.o

.note.gnu.build-id
 *(.note.gnu.build-id)

.debug
 *(.debug)

.line
 *(.line)

.debug_srcinfo
 *(.debug_srcinfo)

.debug_sfnames
 *(.debug_sfnames)

.debug_aranges  0x00000000      0x500
 *(.debug_aranges)
 .debug_aranges
                0x00000000       0x90 Battery.o
 .debug_aranges
                0x00000090      0x168 BTD.o
 .debug_aranges
                0x000001f8      0x188 funct.o
 .debug_aranges
                0x00000380       0x20 main.o
 .debug_aranges
                0x000003a0       0x50 Motor.o
 .debug_aranges
                0x000003f0      0x110 PS3BT.o

.debug_pubnames
 *(.debug_pubnames)

.debug_info     0x00000000     0x92f3
 *(.debug_info .gnu.linkonce.wi.*)
 .debug_info    0x00000000      0x8ea C:/Program Files (x86)/Atmel/Studio/7.0/Packs/atmel/ATmega_DFP/1.1.130/gcc/dev/atmega328pb/avr5/crtatmega328pb.o
 .debug_info    0x000008ea      0x43d Battery.o
 .debug_info    0x00000d27     0x2c8d BTD.o
 .debug_info    0x000039b4     0x12b0 funct.o
 .debug_info    0x00004c64     0x111f main.o
 .debug_info    0x00005d83      0x3a7 Motor.o
 .debug_info    0x0000612a     0x31c9 PS3BT.o

.debug_abbrev   0x00000000     0x1c19
 *(.debug_abbrev)
 .debug_abbrev  0x00000000      0x86e C:/Program Files (x86)/Atmel/Studio/7.0/Packs/atmel/ATmega_DFP/1.1.130/gcc/dev/atmega328pb/avr5/crtatmega328pb.o
 .debug_abbrev  0x0000086e      0x215 Battery.o
 .debug_abbrev  0x00000a83      0x411 BTD.o
 .debug_abbrev  0x00000e94      0x3ab funct.o
 .debug_abbrev  0x0000123f      0x338 main.o
 .debug_abbrev  0x00001577      0x155 Motor.o
 .debug_abbrev  0x000016cc      0x54d PS3BT.o

.debug_line     0x00000000     0x3aed
 *(.debug_line .debug_line.* .debug_line_end)
 .debug_line    0x00000000      0x1a5 C:/Program Files (x86)/Atmel/Studio/7.0/Packs/atmel/ATmega_DFP/1.1.130/gcc/dev/atmega328pb/avr5/crtatmega328pb.o
 .debug_line    0x000001a5      0x427 Battery.o
 .debug_line    0x000005cc     0x1507 BTD.o
 .debug_line    0x00001ad3      0xc4e funct.o
 .debug_line    0x00002721      0x1c3 main.o
 .debug_line    0x000028e4      0x3fc Motor.o
 .debug_line    0x00002ce0      0xe0d PS3BT.o

.debug_frame    0x00000000      0xf7c
 *(.debug_frame)
 .debug_frame   0x00000000      0x140 Battery.o
 .debug_frame   0x00000140      0x460 BTD.o
 .debug_frame   0x000005a0      0x488 funct.o
 .debug_frame   0x00000a28       0x38 main.o
 .debug_frame   0x00000a60       0xcc Motor.o
 .debug_frame   0x00000b2c      0x450 PS3BT.o

.debug_str      0x00000000     0x24d8
 *(.debug_str)
 .debug_str     0x00000000      0x318 C:/Program Files (x86)/Atmel/Studio/7.0/Packs/atmel/ATmega_DFP/1.1.130/gcc/dev/atmega328pb/avr5/crtatmega328pb.o
 .debug_str     0x00000318      0x3f7 Battery.o
                                0x42b (size before relaxing)
 .debug_str     0x0000070f      0xdec BTD.o
                               0x1037 (size before relaxing)
 .debug_str     0x000014fb      0x4f0 funct.o
                                0x7f1 (size before relaxing)
 .debug_str     0x000019eb      0x234 main.o
                               0x1197 (size before relaxing)
 .debug_str     0x00001c1f       0xe8 Motor.o
                                0x319 (size before relaxing)
 .debug_str     0x00001d07      0x7d1 PS3BT.o
                               0x1a48 (size before relaxing)

.debug_loc      0x00000000     0x4c38
 *(.debug_loc)
 .debug_loc     0x00000000      0x238 Battery.o
 .debug_loc     0x00000238     0x1d57 BTD.o
 .debug_loc     0x00001f8f      0xedc funct.o
 .debug_loc     0x00002e6b       0x7a main.o
 .debug_loc     0x00002ee5      0x424 Motor.o
 .debug_loc     0x00003309     0x192f PS3BT.o

.debug_macinfo
 *(.debug_macinfo)

.debug_weaknames
 *(.debug_weaknames)

.debug_funcnames
 *(.debug_funcnames)

.debug_typenames
 *(.debug_typenames)

.debug_varnames
 *(.debug_varnames)

.debug_pubtypes
 *(.debug_pubtypes)

.debug_ranges   0x00000000      0x508
 *(.debug_ranges)
 .debug_ranges  0x00000000       0x80 Battery.o
 .debug_ranges  0x00000080      0x1a8 BTD.o
 .debug_ranges  0x00000228      0x190 funct.o
 .debug_ranges  0x000003b8       0x10 main.o
 .debug_ranges  0x000003c8       0x40 Motor.o
 .debug_ranges  0x00000408      0x100 PS3BT.o

.debug_macro
 *(.debug_macro)
OUTPUT(MonsterTruck-BT-PS3.elf elf32-avr)
LOAD linker stubs
